Component: ARM Compiler 5.06 update 7 (build 960) Tool: armlink [4d3601]

==============================================================================

Section Cross References

    chasiscontroller.o(i.InfantryInit) refers to powerlimit.o(i.PowerLimitInit) for PowerLimitInit
    chasiscontroller.o(i.InfantryInit) refers to td.o(i.TD_Init) for TD_Init
    chasiscontroller.o(i.angle_z_err_get) refers to chasiscontroller.o(i.limit_pi) for limit_pi
    chasiscontroller.o(i.angle_z_err_get) refers to f2d.o(x$fpl$f2d) for __aeabi_f2d
    chasiscontroller.o(i.angle_z_err_get) refers to fabs.o(i.__hardfp_fabs) for __hardfp_fabs
    chasiscontroller.o(i.angle_z_err_get) refers to drleqf.o(x$fpl$drleqf) for __aeabi_cdrcmple
    chasiscontroller.o(i.angle_z_err_get) refers to dleqf.o(x$fpl$dleqf) for __aeabi_cdcmple
    chasiscontroller.o(i.angle_z_err_get) refers to chasiscontroller.o(.bss) for infantry
    chasiscontroller.o(i.angle_z_err_get) refers to d2f.o(x$fpl$d2f) for __aeabi_d2f
    chasiscontroller.o(i.angle_z_err_get) refers to daddsub_clz.o(x$fpl$dsub) for __aeabi_dsub
    chasiscontroller.o(i.chassis_follow_control) refers to mecanum.o(i.mecanum_follow_control) for mecanum_follow_control
    chasiscontroller.o(i.chassis_follow_control) refers to omni.o(i.omni_follow_control) for omni_follow_control
    chasiscontroller.o(i.chassis_follow_control) refers to steer.o(i.steer_chassis_control) for steer_chassis_control
    chasiscontroller.o(i.chassis_not_follow_control) refers to mecanum.o(i.mecanum_chassis_control) for mecanum_chassis_control
    chasiscontroller.o(i.chassis_not_follow_control) refers to omni.o(i.omni_chassis_control) for omni_chassis_control
    chasiscontroller.o(i.chassis_not_follow_control) refers to steer.o(i.steer_chassis_control) for steer_chassis_control
    chasiscontroller.o(i.chassis_powerdown_control) refers to td.o(i.TD_Clear) for TD_Clear
    chasiscontroller.o(i.chassis_rotate_control) refers to mecanum.o(i.mecanum_rotate_control) for mecanum_rotate_control
    chasiscontroller.o(i.chassis_rotate_control) refers to steer.o(i.steer_chassis_control) for steer_chassis_control
    chasiscontroller.o(i.chassis_rotate_control) refers to omni.o(i.omni_rotate_control) for omni_rotate_control
    chasiscontroller.o(i.execute_control) refers to gm6020.o(i.GM6020_SendPack) for GM6020_SendPack
    chasiscontroller.o(i.execute_control) refers to can_send.o(i.CanSend) for CanSend
    chasiscontroller.o(i.execute_control) refers to m3508.o(i.M3508_SendPack) for M3508_SendPack
    chasiscontroller.o(i.execute_control) refers to chasiscontroller.o(.bss) for infantry
    chasiscontroller.o(i.execute_control) refers to offline_task.o(.bss) for offline_detector
    chasiscontroller.o(i.getDir) refers to chasiscontroller.o(i.limit_pi) for limit_pi
    chasiscontroller.o(i.getDir) refers to arm_sin_f32.o(.text) for arm_sin_f32
    chasiscontroller.o(i.getDir) refers to arm_cos_f32.o(.text) for arm_cos_f32
    chasiscontroller.o(i.getDir) refers to chasiscontroller.o(.bss) for infantry
    chasiscontroller.o(i.getDir) refers to gimbalreceive.o(.data) for gimbal_receiver_pack1
    chasiscontroller.o(i.getDir) refers to refereetask.o(.data) for UI_FRONT_ERR
    chasiscontroller.o(i.get_sensors_info) refers to gm6020.o(i.GM6020_Decode) for GM6020_Decode
    chasiscontroller.o(i.get_sensors_info) refers to m3508.o(i.M3508_Decode) for M3508_Decode
    chasiscontroller.o(i.get_sensors_info) refers to chasiscontroller.o(i.angle_z_err_get) for angle_z_err_get
    chasiscontroller.o(i.get_sensors_info) refers to chasiscontroller.o(i.getDir) for getDir
    chasiscontroller.o(i.get_sensors_info) refers to chasiscontroller.o(.bss) for infantry
    chasiscontroller.o(i.get_sensors_info) refers to gimbalreceive.o(.data) for gimbal_receiver_pack1
    chasiscontroller.o(i.limit_pi) refers to f2d.o(x$fpl$f2d) for __aeabi_f2d
    chasiscontroller.o(i.limit_pi) refers to fabs.o(i.__hardfp_fabs) for __hardfp_fabs
    chasiscontroller.o(i.limit_pi) refers to dleqf.o(x$fpl$dleqf) for __aeabi_cdcmple
    chasiscontroller.o(i.main_control) refers to chasiscontroller.o(i.chassis_follow_control) for chassis_follow_control
    chasiscontroller.o(i.main_control) refers to chasiscontroller.o(i.chassis_not_follow_control) for chassis_not_follow_control
    chasiscontroller.o(i.main_control) refers to chasiscontroller.o(i.chassis_rotate_control) for chassis_rotate_control
    chasiscontroller.o(i.main_control) refers to chasiscontroller.o(i.chassis_powerdown_control) for chassis_powerdown_control
    chasiscontroller.o(i.main_control) refers to remote_control.o(.bss) for remote_controller
    chasiscontroller.o(i.set_robot_speed) refers to ningcap.o(.bss) for cap_controller
    chasiscontroller.o(i.wheels_accel) refers to td.o(i.TD_Calculate) for TD_Calculate
    chasiscontroller.o(i.wheels_accel) refers to remote_control.o(.bss) for remote_controller
[...]
    USART1_IRQHandler                        0x08000343   Thumb Code     0  startup_stm32f40_41xxx.o(.text)
    USART6_IRQHandler                        0x08000343   Thumb Code     0  startup_stm32f40_41xxx.o(.text)
    WWDG_IRQHandler                          0x08000343   Thumb Code     0  startup_stm32f40_41xxx.o(.text)
    __user_initial_stackheap                 0x08000345   Thumb Code     0  startup_stm32f40_41xxx.o(.text)
    arm_cos_f32                              0x08000369   Thumb Code   194  arm_cos_f32.o(.text)
    arm_sin_f32                              0x08000441   Thumb Code   194  arm_sin_f32.o(.text)
    malloc                                   0x08000519   Thumb Code    94  h1_alloc.o(.text)
    __aeabi_uldivmod                         0x08000577   Thumb Code     0  lludivv7m.o(.text)
    _ll_udiv                                 0x08000577   Thumb Code   238  lludivv7m.o(.text)
    __aeabi_memcpy                           0x08000665   Thumb Code     0  rt_memcpy_v6.o(.text)
    __rt_memcpy                              0x08000665   Thumb Code   138  rt_memcpy_v6.o(.text)
    _memcpy_lastbytes                        0x080006cb   Thumb Code     0  rt_memcpy_v6.o(.text)
    __aeabi_memcpy4                          0x080006ef   Thumb Code     0  rt_memcpy_w.o(.text)
    __aeabi_memcpy8                          0x080006ef   Thumb Code     0  rt_memcpy_w.o(.text)
    __rt_memcpy_w                            0x080006ef   Thumb Code   100  rt_memcpy_w.o(.text)
    _memcpy_lastbytes_aligned                0x08000737   Thumb Code     0  rt_memcpy_w.o(.text)
    __aeabi_memset                           0x08000753   Thumb Code    16  aeabi_memset.o(.text)
    __aeabi_memclr                           0x08000763   Thumb Code     0  rt_memclr.o(.text)
    __rt_memclr                              0x08000763   Thumb Code    68  rt_memclr.o(.text)
    _memset                                  0x08000767   Thumb Code     0  rt_memclr.o(.text)
    __aeabi_memclr4                          0x080007a7   Thumb Code     0  rt_memclr_w.o(.text)
    __aeabi_memclr8                          0x080007a7   Thumb Code     0  rt_memclr_w.o(.text)
    __rt_memclr_w                            0x080007a7   Thumb Code    78  rt_memclr_w.o(.text)
    _memset_w                                0x080007ab   Thumb Code     0  rt_memclr_w.o(.text)
    __use_two_region_memory                  0x080007f5   Thumb Code     2  heapauxi.o(.text)
    __rt_heap_escrow                         0x080007f7   Thumb Code     2  heapauxi.o(.text)
    __rt_heap_expand                         0x080007f9   Thumb Code     2  heapauxi.o(.text)
    __rt_heap_descriptor                     0x080007fd   Thumb Code     8  rt_heap_descriptor_intlibspace.o(.text)
    __use_no_heap                            0x08000805   Thumb Code     2  hguard.o(.text)
    __heap$guard                             0x08000807   Thumb Code     2  hguard.o(.text)
    _terminate_user_alloc                    0x08000809   Thumb Code     2  init_alloc.o(.text)
    _init_user_alloc                         0x0800080b   Thumb Code     2  init_alloc.o(.text)
    __Heap_Full                              0x0800080d   Thumb Code    34  init_alloc.o(.text)
    __Heap_Broken                            0x0800082f   Thumb Code     6  init_alloc.o(.text)
    _init_alloc                              0x08000835   Thumb Code    94  init_alloc.o(.text)
    __Heap_Initialize                        0x08000893   Thumb Code    10  h1_init.o(.text)
    __Heap_DescSize                          0x0800089d   Thumb Code     4  h1_init.o(.text)
    free                                     0x080008a1   Thumb Code    78  h1_free.o(.text)
    __read_errno                             0x080008ef   Thumb Code    10  _rserrno.o(.text)
    __set_errno                              0x080008f9   Thumb Code    12  _rserrno.o(.text)
    __user_libspace                          0x08000905   Thumb Code     8  libspace.o(.text)
    __user_perproc_libspace                  0x08000905   Thumb Code     0  libspace.o(.text)
    __user_perthread_libspace                0x08000905   Thumb Code     0  libspace.o(.text)
    __aeabi_errno_addr                       0x0800090d   Thumb Code     8  rt_errno_addr_intlibspace.o(.text)
    __errno$intlibspace                      0x0800090d   Thumb Code     0  rt_errno_addr_intlibspace.o(.text)
    __rt_errno_addr$intlibspace              0x0800090d   Thumb Code     0  rt_errno_addr_intlibspace.o(.text)
    __Heap_ProvideMemory                     0x08000915   Thumb Code    52  h1_extend.o(.text)
    __rt_SIGRTMEM                            0x08000949   Thumb Code    14  defsig_rtmem_outer.o(.text)
    __I$use$semihosting                      0x08000957   Thumb Code     0  use_no_semi.o(.text)
    __use_no_semihosting_swi                 0x08000957   Thumb Code     2  use_no_semi.o(.text)
    __semihosting_library_function           0x08000959   Thumb Code     0  indicate_semi.o(.text)
    __user_setup_stackheap                   0x08000959   Thumb Code    74  sys_stackheap_outer.o(.text)
    exit                                     0x080009a3   Thumb Code    18  exit.o(.text)
    __sig_exit                               0x080009b5   Thumb Code    10  defsig_exit.o(.text)
    __rt_SIGRTMEM_inner                      0x080009c1   Thumb Code    22  defsig_rtmem_inner.o(.text)
    _sys_exit                                0x08000a11   Thumb Code     8  sys_exit.o(.text)
    __default_signal_display                 0x08000a1d   Thumb Code    50  defsig_general.o(.text)
    _ttywrch                                 0x08000a4f   Thumb Code    14  sys_wrch.o(.text)
    Append_CRC16_Check_Sum                   0x08000a5d   Thumb Code    44  algorithmofcrc.o(i.Append_CRC16_Check_Sum)
    Append_CRC8_Check_Sum                    0x08000a8d   Thumb Code    36  algorithmofcrc.o(i.Append_CRC8_Check_Sum)
    BLUE_TOOTHSendData                       0x08000ab1   Thumb Code    60  bluetooth.o(i.BLUE_TOOTHSendData)
    BLUE_TOOTH_Configuration                 0x08000af5   Thumb Code   308  bluetooth.o(i.BLUE_TOOTH_Configuration)
    BSP_Init                                 0x08000c39   Thumb Code    54  main.o(i.BSP_Init)
    BlueToothTask                            0x08000c71   Thumb Code   224  bluetoothtask.o(i.BlueToothTask)
    Blue_Tooth_Deal                          0x08000d69   Thumb Code   144  remote_control.o(i.Blue_Tooth_Deal)
    BusFault_Handler                         0x08000dfd   Thumb Code     4  stm32f4xx_it.o(i.BusFault_Handler)
    CAN1_Configuration                       0x08000e01   Thumb Code   414  can1.o(i.CAN1_Configuration)
    CAN1_RX0_IRQHandler                      0x08000fa9   Thumb Code    44  can1.o(i.CAN1_RX0_IRQHandler)
    CAN1_RX1_IRQHandler                      0x08000fd9   Thumb Code    44  can1.o(i.CAN1_RX1_IRQHandler)
    CAN1_TX_IRQHandler                       0x08001009   Thumb Code    22  can1.o(i.CAN1_TX_IRQHandler)
    CAN2_Configuration                       0x08001025   Thumb Code   404  can2.o(i.CAN2_Configuration)
    CAN2_RX0_IRQHandler                      0x080011c1   Thumb Code    44  can2.o(i.CAN2_RX0_IRQHandler)
    CAN2_RX1_IRQHandler                      0x080011f1   Thumb Code    44  can2.o(i.CAN2_RX1_IRQHandler)
    CAN2_TX_IRQHandler                       0x08001221   Thumb Code    22  can2.o(i.CAN2_TX_IRQHandler)
    CAN_ClearITPendingBit                    0x0800123d   Thumb Code   162  stm32f4xx_can.o(i.CAN_ClearITPendingBit)
    CAN_DeInit                               0x080012e5   Thumb Code    50  stm32f4xx_can.o(i.CAN_DeInit)
    CAN_FilterInit                           0x0800131d   Thumb Code   258  stm32f4xx_can.o(i.CAN_FilterInit)
    CAN_GetITStatus                          0x08001425   Thumb Code   284  stm32f4xx_can.o(i.CAN_GetITStatus)
    CAN_ITConfig                             0x08001545   Thumb Code    18  stm32f4xx_can.o(i.CAN_ITConfig)
    CAN_Init                                 0x08001557   Thumb Code   276  stm32f4xx_can.o(i.CAN_Init)
    CAN_Receive                              0x0800166b   Thumb Code   240  stm32f4xx_can.o(i.CAN_Receive)
    CAN_StructInit                           0x0800175b   Thumb Code    32  stm32f4xx_can.o(i.CAN_StructInit)
    CAN_Transmit                             0x0800177b   Thumb Code   294  stm32f4xx_can.o(i.CAN_Transmit)
    COUNTER_Configuration                    0x080018a1   Thumb Code    74  counter.o(i.COUNTER_Configuration)
    CanReceiveAll                            0x080018f5   Thumb Code   710  can_receive.o(i.CanReceiveAll)
    CanSend                                  0x08001be1   Thumb Code    52  can_send.o(i.CanSend)
    CapControllerInit                        0x08001c15   Thumb Code    48  ningcap.o(i.CapControllerInit)
    ChasisControl_task                       0x08001c55   Thumb Code   120  chasiscontroltask.o(i.ChasisControl_task)
    ChassisOutputControl                     0x08001cd9   Thumb Code   234  ningcap.o(i.ChassisOutputControl)
    DBGMCU_Config                            0x08001ddd   Thumb Code    26  stm32f4xx_dbgmcu.o(i.DBGMCU_Config)
    DMA1_Stream2_IRQHandler                  0x08001dfd   Thumb Code    46  bsp_referee.o(i.DMA1_Stream2_IRQHandler)
    DMA1_Stream4_IRQHandler                  0x08001e39   Thumb Code    38  bsp_referee.o(i.DMA1_Stream4_IRQHandler)
    DMA1_Stream6_IRQHandler                  0x08001e6d   Thumb Code    38  bluetooth.o(i.DMA1_Stream6_IRQHandler)
    DMA_ClearFlag                            0x08001ea1   Thumb Code    38  stm32f4xx_dma.o(i.DMA_ClearFlag)
    DMA_ClearITPendingBit                    0x08001ed5   Thumb Code    38  stm32f4xx_dma.o(i.DMA_ClearITPendingBit)
    DMA_Cmd                                  0x08001f09   Thumb Code    22  stm32f4xx_dma.o(i.DMA_Cmd)
    DMA_DeInit                               0x08001f21   Thumb Code   324  stm32f4xx_dma.o(i.DMA_DeInit)
    DMA_GetCmdStatus                         0x08002079   Thumb Code    20  stm32f4xx_dma.o(i.DMA_GetCmdStatus)
    DMA_GetCurrDataCounter                   0x0800208d   Thumb Code     8  stm32f4xx_dma.o(i.DMA_GetCurrDataCounter)
    DMA_GetITStatus                          0x08002095   Thumb Code    82  stm32f4xx_dma.o(i.DMA_GetITStatus)
    DMA_ITConfig                             0x080020f9   Thumb Code    58  stm32f4xx_dma.o(i.DMA_ITConfig)
    DMA_Init                                 0x08002135   Thumb Code    82  stm32f4xx_dma.o(i.DMA_Init)
    DMA_SetCurrDataCounter                   0x0800218d   Thumb Code     4  stm32f4xx_dma.o(i.DMA_SetCurrDataCounter)
    DebugMon_Handler                         0x08002191   Thumb Code     2  stm32f4xx_it.o(i.DebugMon_Handler)
    Feedforward_Calculate                    0x08002193   Thumb Code   298  pid.o(i.Feedforward_Calculate)
    Feedforward_Init                         0x080022bd   Thumb Code   148  pid.o(i.Feedforward_Init)
    GM6020_Decode                            0x08002355   Thumb Code   110  gm6020.o(i.GM6020_Decode)
    GM6020_SendPack                          0x080023d1   Thumb Code   140  gm6020.o(i.GM6020_SendPack)
    GPIO_Init                                0x08002465   Thumb Code   144  stm32f4xx_gpio.o(i.GPIO_Init)
    GPIO_PinAFConfig                         0x080024f5   Thumb Code    70  stm32f4xx_gpio.o(i.GPIO_PinAFConfig)
    GPIO_ResetBits                           0x0800253b   Thumb Code     4  stm32f4xx_gpio.o(i.GPIO_ResetBits)
    GPIO_SetBits                             0x0800253f   Thumb Code     4  stm32f4xx_gpio.o(i.GPIO_SetBits)
    GetDeltaT                                0x08002545   Thumb Code    42  counter.o(i.GetDeltaT)
    Get_CRC16_Check_Sum                      0x08002575   Thumb Code    46  algorithmofcrc.o(i.Get_CRC16_Check_Sum)
    Get_CRC8_Check_Sum                       0x080025a9   Thumb Code    30  algorithmofcrc.o(i.Get_CRC8_Check_Sum)
    GimbalSendPack                           0x080025cd   Thumb Code   118  gimbalsend.o(i.GimbalSendPack)
    GimbalTask                               0x08002655   Thumb Code    60  gimbaltask.o(i.GimbalTask)
    Gimbal_msgs_Decode1                      0x0800269d   Thumb Code   218  gimbalreceive.o(i.Gimbal_msgs_Decode1)
    HardFault_Handler                        0x08002785   Thumb Code     4  stm32f4xx_it.o(i.HardFault_Handler)
    HeatControl                              0x08002789   Thumb Code   154  heatcontrol.o(i.HeatControl)
    HeatUpdate                               0x08002829   Thumb Code    84  heatcontrol.o(i.HeatUpdate)
    InfantryInit                             0x08002885   Thumb Code    70  chasiscontroller.o(i.InfantryInit)
    Is_Motor_On_Check                        0x080028d5   Thumb Code   110  main.o(i.Is_Motor_On_Check)
    LossUpdate                               0x08002955   Thumb Code    54  debug.o(i.LossUpdate)
    M3508_Decode                             0x0800298d   Thumb Code   468  m3508.o(i.M3508_Decode)
    M3508_SendPack                           0x08002b6d   Thumb Code   204  m3508.o(i.M3508_SendPack)
    MemManage_Handler                        0x08002c45   Thumb Code     4  stm32f4xx_it.o(i.MemManage_Handler)
    NMI_Handler                              0x08002c49   Thumb Code     2  stm32f4xx_it.o(i.NMI_Handler)
    NVIC_Init                                0x08002c4d   Thumb Code   106  misc.o(i.NVIC_Init)
    NingCapControl                           0x08002cc5   Thumb Code    50  ningcap.o(i.NingCapControl)
    OLS_Derivative                           0x08002cfd   Thumb Code   452  user_lib.o(i.OLS_Derivative)
    OLS_Init                                 0x08002ec9   Thumb Code    72  user_lib.o(i.OLS_Init)
    Offline_task                             0x08002f15   Thumb Code   336  offline_task.o(i.Offline_task)
    PID_Calculate                            0x0800306d   Thumb Code   630  pid.o(i.PID_Calculate)
    PID_Init                                 0x080032e5   Thumb Code   160  pid.o(i.PID_Init)
    PowerControlTask                         0x08003389   Thumb Code   306  powercontroltask.o(i.PowerControlTask)
    PowerLimit                               0x080034ed   Thumb Code  1288  powerlimit.o(i.PowerLimit)
    PowerLimitInit                           0x080039f5   Thumb Code    36  powerlimit.o(i.PowerLimitInit)
    RCC_AHB1PeriphClockCmd                   0x08003a19   Thumb Code    26  stm32f4xx_rcc.o(i.RCC_AHB1PeriphClockCmd)
    RCC_APB1PeriphClockCmd                   0x08003a39   Thumb Code    26  stm32f4xx_rcc.o(i.RCC_APB1PeriphClockCmd)
    RCC_APB1PeriphResetCmd                   0x08003a59   Thumb Code    26  stm32f4xx_rcc.o(i.RCC_APB1PeriphResetCmd)
    RCC_APB2PeriphResetCmd                   0x08003a79   Thumb Code    26  stm32f4xx_rcc.o(i.RCC_APB2PeriphResetCmd)
    RCC_GetClocksFreq                        0x08003a99   Thumb Code   214  stm32f4xx_rcc.o(i.RCC_GetClocksFreq)
    RC_Rst                                   0x08003b81   Thumb Code    46  remote_control.o(i.RC_Rst)
    REFEREE_Configuration                    0x08003bb5   Thumb Code   450  bsp_referee.o(i.REFEREE_Configuration)
    REFEREE_SendBytes                        0x08003d8d   Thumb Code    46  bsp_referee.o(i.REFEREE_SendBytes)
    RefereeOutputControl                     0x08003dc5   Thumb Code   214  ningcap.o(i.RefereeOutputControl)
    Referee_SolveFifoData                    0x08003ead   Thumb Code   392  referee.o(i.Referee_SolveFifoData)
    Referee_UnpackFifoData                   0x08004045   Thumb Code   748  referee.o(i.Referee_UnpackFifoData)
    Refereetask                              0x08004349   Thumb Code  2578  refereetask.o(i.Refereetask)
    RemoteLimit                              0x08004d69   Thumb Code    30  remote_control.o(i.RemoteLimit)
    RemoteReceive                            0x08004d89   Thumb Code   220  remote_control.o(i.RemoteReceive)
    Robot_Init                               0x08004e6d   Thumb Code    60  main.o(i.Robot_Init)
    SendCapPack                              0x08004ead   Thumb Code    28  ningcap.o(i.SendCapPack)
    SendToGimbalPack                         0x08004ecd   Thumb Code    20  gimbaltask.o(i.SendToGimbalPack)
    Sqrt                                     0x08004fd5   Thumb Code    96  user_lib.o(i.Sqrt)
    SysTick_Handler                          0x0800503d   Thumb Code     8  stm32f4xx_it.o(i.SysTick_Handler)
    SystemInit                               0x08005045   Thumb Code    88  system_stm32f4xx.o(i.SystemInit)
    TD_Calculate                             0x080050ad   Thumb Code   714  td.o(i.TD_Calculate)
    TD_Clear                                 0x08005399   Thumb Code    38  td.o(i.TD_Clear)
    TD_Init                                  0x080053c5   Thumb Code    50  td.o(i.TD_Init)
    TIM7_IRQHandler                          0x080053fd   Thumb Code    32  os_tick.o(i.TIM7_IRQHandler)
    TIM_ClearITPendingBit                    0x08005425   Thumb Code     6  stm32f4xx_tim.o(i.TIM_ClearITPendingBit)
    TIM_Cmd                                  0x0800542b   Thumb Code    24  stm32f4xx_tim.o(i.TIM_Cmd)
    TIM_GetITStatus                          0x08005443   Thumb Code    34  stm32f4xx_tim.o(i.TIM_GetITStatus)
    TIM_TimeBaseInit                         0x08005465   Thumb Code   104  stm32f4xx_tim.o(i.TIM_TimeBaseInit)
    UI_Draw_Float                            0x080054e9   Thumb Code   216  referee.o(i.UI_Draw_Float)
    UI_Draw_Int                              0x080055c5   Thumb Code   186  referee.o(i.UI_Draw_Int)
    UI_Draw_Line                             0x0800567f   Thumb Code   150  referee.o(i.UI_Draw_Line)
    UI_Draw_Rectangle                        0x08005715   Thumb Code   154  referee.o(i.UI_Draw_Rectangle)
    UI_Draw_String                           0x080057af   Thumb Code   164  referee.o(i.UI_Draw_String)
    UI_PushUp_Graphs                         0x08005853   Thumb Code   276  referee.o(i.UI_PushUp_Graphs)
    UI_PushUp_String                         0x08005967   Thumb Code    80  referee.o(i.UI_PushUp_String)
    USART2_IRQHandler                        0x080059b9   Thumb Code    40  bluetooth.o(i.USART2_IRQHandler)
    USART3_IRQHandler                        0x080059e5   Thumb Code    74  dji_remote.o(i.USART3_IRQHandler)
    USART_ClearITPendingBit                  0x08005a3d   Thumb Code    30  stm32f4xx_usart.o(i.USART_ClearITPendingBit)
    USART_Cmd                                0x08005a5b   Thumb Code    24  stm32f4xx_usart.o(i.USART_Cmd)
    USART_DMACmd                             0x08005a73   Thumb Code    18  stm32f4xx_usart.o(i.USART_DMACmd)
    USART_DeInit                             0x08005a85   Thumb Code   206  stm32f4xx_usart.o(i.USART_DeInit)
    USART_GetITStatus                        0x08005b75   Thumb Code    84  stm32f4xx_usart.o(i.USART_GetITStatus)
    USART_ITConfig                           0x08005bc9   Thumb Code    74  stm32f4xx_usart.o(i.USART_ITConfig)
    USART_Init                               0x08005c15   Thumb Code   204  stm32f4xx_usart.o(i.USART_Init)
    USART_ReceiveData                        0x08005ce9   Thumb Code    10  stm32f4xx_usart.o(i.USART_ReceiveData)
    UsageFault_Handler                       0x08005cf3   Thumb Code     4  stm32f4xx_it.o(i.UsageFault_Handler)
    Verify_CRC16_Check_Sum                   0x08005cf9   Thumb Code    60  algorithmofcrc.o(i.Verify_CRC16_Check_Sum)
    Verify_CRC8_Check_Sum                    0x08005d39   Thumb Code    50  algorithmofcrc.o(i.Verify_CRC8_Check_Sum)
    ZeroCheck                                0x08005d71   Thumb Code   170  zerocheck.o(i.ZeroCheck)
    __ARM_fpclassifyf                        0x08005e25   Thumb Code    38  fpclassifyf.o(i.__ARM_fpclassifyf)
    __hardfp_atan2f                          0x08005e4d   Thumb Code   594  atan2f.o(i.__hardfp_atan2f)
    __hardfp_fabs                            0x080060f9   Thumb Code    20  fabs.o(i.__hardfp_fabs)
    __hardfp_fmodf                           0x0800610d   Thumb Code   176  fmodf.o(i.__hardfp_fmodf)
    __mathlib_flt_infnan2                    0x080061bd   Thumb Code     6  funder.o(i.__mathlib_flt_infnan2)
    __mathlib_flt_invalid                    0x080061c5   Thumb Code    10  funder.o(i.__mathlib_flt_invalid)
    __mathlib_flt_underflow                  0x080061d5   Thumb Code    10  funder.o(i.__mathlib_flt_underflow)
    add_vector                               0x080061e5   Thumb Code   174  steer.o(i.add_vector)
    angle_z_err_get                          0x0800629d   Thumb Code  1666  chasiscontroller.o(i.angle_z_err_get)
    chassis_follow_control                   0x08006959   Thumb Code    44  chasiscontroller.o(i.chassis_follow_control)
    chassis_not_follow_control               0x08006985   Thumb Code    44  chasiscontroller.o(i.chassis_not_follow_control)
    chassis_powerdown_control                0x080069b1   Thumb Code   132  chasiscontroller.o(i.chassis_powerdown_control)
    chassis_rotate_control                   0x08006a39   Thumb Code    44  chasiscontroller.o(i.chassis_rotate_control)
    delay_ms                                 0x08006a65   Thumb Code    30  tools.o(i.delay_ms)
    drawCapBar                               0x08006a85   Thumb Code   132  refereetask.o(i.drawCapBar)
    execute_control                          0x08006b15   Thumb Code   412  chasiscontroller.o(i.execute_control)
    getCapEnergy                             0x08007135   Thumb Code   122  ningcap.o(i.getCapEnergy)
    getDir                                   0x080071c5   Thumb Code   358  chasiscontroller.o(i.getDir)
    get_sensors_info                         0x08007359   Thumb Code   212  chasiscontroller.o(i.get_sensors_info)
    iir                                      0x08007441   Thumb Code    26  my_filter.o(i.iir)
    initRemoteControl                        0x0800745b   Thumb Code    24  remote_control.o(i.initRemoteControl)
    limit_pi                                 0x08007475   Thumb Code   176  chasiscontroller.o(i.limit_pi)
    main                                     0x08007539   Thumb Code    30  main.o(i.main)
    main_control                             0x0800755d   Thumb Code    58  chasiscontroller.o(i.main_control)
    mecanum_chassis_control                  0x0800759d   Thumb Code   108  mecanum.o(i.mecanum_chassis_control)
    mecanum_follow_control                   0x08007615   Thumb Code   206  mecanum.o(i.mecanum_follow_control)
    mecanum_inv_kinematics                   0x080076f5   Thumb Code   204  mecanum.o(i.mecanum_inv_kinematics)
    mecanum_pid_init                         0x080077d1   Thumb Code   308  mecanum.o(i.mecanum_pid_init)
    mecanum_pos_kinematics                   0x08007931   Thumb Code   160  mecanum.o(i.mecanum_pos_kinematics)
    mecanum_rotate_control                   0x080079e1   Thumb Code   172  mecanum.o(i.mecanum_rotate_control)
    omni_chassis_control                     0x08007a99   Thumb Code   108  omni.o(i.omni_chassis_control)
    omni_follow_control                      0x08007b11   Thumb Code   206  omni.o(i.omni_follow_control)
    omni_inv_kinematics                      0x08007bf1   Thumb Code   204  omni.o(i.omni_inv_kinematics)
    omni_pid_init                            0x08007ccd   Thumb Code   258  omni.o(i.omni_pid_init)
    omni_pos_kinematics                      0x08007df5   Thumb Code   164  omni.o(i.omni_pos_kinematics)
    omni_rotate_control                      0x08007ea9   Thumb Code   172  omni.o(i.omni_rotate_control)
    pvPortMalloc                             0x08008819   Thumb Code   188  heap_4.o(i.pvPortMalloc)
    pxPortInitialiseStack                    0x080088e9   Thumb Code    38  port.o(i.pxPortInitialiseStack)
    setBombBayState                          0x08008915   Thumb Code     6  remote_control.o(i.setBombBayState)
    setChassisFormat                         0x08008921   Thumb Code     6  remote_control.o(i.setChassisFormat)
    setControlMode                           0x0800892d   Thumb Code     6  remote_control.o(i.setControlMode)
    setControlModeAction                     0x08008939   Thumb Code    22  remote_control.o(i.setControlModeAction)
    setFlyMode                               0x08008955   Thumb Code     6  remote_control.o(i.setFlyMode)
    setGimbalAction                          0x08008961   Thumb Code    14  remote_control.o(i.setGimbalAction)
    setRobotState                            0x08008975   Thumb Code    32  remote_control.o(i.setRobotState)
    setRobotType                             0x08008999   Thumb Code    70  robot_config.o(i.setRobotType)
    setShootAction                           0x080089e5   Thumb Code    14  remote_control.o(i.setShootAction)
    setSuperPower                            0x080089f9   Thumb Code     6  remote_control.o(i.setSuperPower)
    set_robot_speed                          0x08008a05   Thumb Code   306  chasiscontroller.o(i.set_robot_speed)
    sign                                     0x08008b4d   Thumb Code    26  user_lib.o(i.sign)
    startTask                                0x08008b69   Thumb Code    24  start_task.o(i.startTask)
    start_task                               0x08008b95   Thumb Code   162  start_task.o(i.start_task)
    steer_chassis_control                    0x08008cbd   Thumb Code  1128  steer.o(i.steer_chassis_control)
    steer_moving_optimization                0x08009129   Thumb Code   374  steer.o(i.steer_moving_optimization)
    steer_pid_init                           0x080092b9   Thumb Code   780  steer.o(i.steer_pid_init)
    uxListRemove                             0x08009605   Thumb Code    40  list.o(i.uxListRemove)
    vListInitialise                          0x0800962d   Thumb Code    26  list.o(i.vListInitialise)
    vListInitialiseItem                      0x08009647   Thumb Code     6  list.o(i.vListInitialiseItem)
    vListInsert                              0x0800964d   Thumb Code    52  list.o(i.vListInsert)
    vListInsertEnd                           0x08009681   Thumb Code    24  list.o(i.vListInsertEnd)
    vPortEnterCritical                       0x08009699   Thumb Code    30  port.o(i.vPortEnterCritical)
    vPortExitCritical                        0x080096bd   Thumb Code    28  port.o(i.vPortExitCritical)
    vPortFree                                0x080096dd   Thumb Code    64  heap_4.o(i.vPortFree)
    vPortSetupTimerInterrupt                 0x08009725   Thumb Code    26  port.o(i.vPortSetupTimerInterrupt)
    vQueueAddToRegistry                      0x08009745   Thumb Code    38  queue.o(i.vQueueAddToRegistry)
    vQueueWaitForMessageRestricted           0x08009771   Thumb Code    74  queue.o(i.vQueueWaitForMessageRestricted)
    vTaskDelay                               0x080097bd   Thumb Code    46  tasks.o(i.vTaskDelay)
    vTaskDelayUntil                          0x080097f1   Thumb Code   106  tasks.o(i.vTaskDelayUntil)
    vTaskDelete                              0x08009865   Thumb Code   166  tasks.o(i.vTaskDelete)
    vTaskMissedYield                         0x08009931   Thumb Code     8  tasks.o(i.vTaskMissedYield)
    vTaskPlaceOnEventList                    0x0800993d   Thumb Code    28  tasks.o(i.vTaskPlaceOnEventList)
    vTaskPlaceOnEventListRestricted          0x0800995d   Thumb Code    36  tasks.o(i.vTaskPlaceOnEventListRestricted)
    vTaskSetTimeOutState                     0x08009985   Thumb Code    14  tasks.o(i.vTaskSetTimeOutState)
    vTaskStartScheduler                      0x0800999d   Thumb Code    86  tasks.o(i.vTaskStartScheduler)
    vTaskSuspendAll                          0x08009a15   Thumb Code    12  tasks.o(i.vTaskSuspendAll)
    vTaskSwitchContext                       0x08009a25   Thumb Code   128  tasks.o(i.vTaskSwitchContext)
    wheels_accel                             0x08009ac5   Thumb Code   128  chasiscontroller.o(i.wheels_accel)
    wheels_power_limit                       0x08009b49   Thumb Code   296  chasiscontroller.o(i.wheels_power_limit)
    xEventGroupCreate                        0x08009c85   Thumb Code    26  event_groups.o(i.xEventGroupCreate)
    xEventGroupSetBits                       0x08009c9f   Thumb Code   146  event_groups.o(i.xEventGroupSetBits)
    xPortStartScheduler                      0x08009d31   Thumb Code    58  port.o(i.xPortStartScheduler)
    xPortSysTickHandler                      0x08009d79   Thumb Code    46  port.o(i.xPortSysTickHandler)
    xQueueGenericCreate                      0x08009dad   Thumb Code    56  queue.o(i.xQueueGenericCreate)
    xQueueGenericReceive                     0x08009de5   Thumb Code   312  queue.o(i.xQueueGenericReceive)
    xQueueGenericReset                       0x08009f21   Thumb Code   122  queue.o(i.xQueueGenericReset)
    xQueueGenericSend                        0x08009fa1   Thumb Code   276  queue.o(i.xQueueGenericSend)
    xQueueGenericSendFromISR                 0x0800a0b9   Thumb Code   134  queue.o(i.xQueueGenericSendFromISR)
    xTaskCheckForTimeOut                     0x0800a141   Thumb Code    84  tasks.o(i.xTaskCheckForTimeOut)
    xTaskCreate                              0x0800a19d   Thumb Code    96  tasks.o(i.xTaskCreate)
    xTaskGetSchedulerState                   0x0800a1fd   Thumb Code    24  tasks.o(i.xTaskGetSchedulerState)
    xTaskGetTickCount                        0x0800a21d   Thumb Code     6  tasks.o(i.xTaskGetTickCount)
    xTaskIncrementTick                       0x0800a229   Thumb Code   238  tasks.o(i.xTaskIncrementTick)
    xTaskRemoveFromEventList                 0x0800a345   Thumb Code   104  tasks.o(i.xTaskRemoveFromEventList)
    xTaskRemoveFromUnorderedEventList        0x0800a3c5   Thumb Code    94  tasks.o(i.xTaskRemoveFromUnorderedEventList)
    xTaskResumeAll                           0x0800a435   Thumb Code   196  tasks.o(i.xTaskResumeAll)
    xTimerCreateTimerTask                    0x0800a51d   Thumb Code    42  timers.o(i.xTimerCreateTimerTask)
    xTimerGenericCommand                     0x0800a55d   Thumb Code   102  timers.o(i.xTimerGenericCommand)
    __aeabi_d2f                              0x0800a5c9   Thumb Code     0  d2f.o(x$fpl$d2f)
    _d2f                                     0x0800a5c9   Thumb Code    98  d2f.o(x$fpl$d2f)
    __aeabi_dadd                             0x0800a62d   Thumb Code     0  daddsub_clz.o(x$fpl$dadd)
    _dadd                                    0x0800a62d   Thumb Code   332  daddsub_clz.o(x$fpl$dadd)
    __fpl_dcmp_Inf                           0x0800a77d   Thumb Code    24  dcmpi.o(x$fpl$dcmpinf)
    __aeabi_cdcmple                          0x0800a795   Thumb Code     0  dleqf.o(x$fpl$dleqf)
    _dcmple                                  0x0800a795   Thumb Code   120  dleqf.o(x$fpl$dleqf)
    __fpl_dcmple_InfNaN                      0x0800a7f7   Thumb Code     0  dleqf.o(x$fpl$dleqf)
    __aeabi_dmul                             0x0800a80d   Thumb Code     0  dmul.o(x$fpl$dmul)
    _dmul                                    0x0800a80d   Thumb Code   332  dmul.o(x$fpl$dmul)
    __fpl_dnaninf                            0x0800a961   Thumb Code   156  dnaninf.o(x$fpl$dnaninf)
    __fpl_dretinf                            0x0800a9fd   Thumb Code    12  dretinf.o(x$fpl$dretinf)
    __aeabi_cdrcmple                         0x0800aa09   Thumb Code     0  drleqf.o(x$fpl$drleqf)
    _drcmple                                 0x0800aa09   Thumb Code   108  drleqf.o(x$fpl$drleqf)
    __aeabi_dsub                             0x0800aa75   Thumb Code     0  daddsub_clz.o(x$fpl$dsub)
    _dsub                                    0x0800aa75   Thumb Code   464  daddsub_clz.o(x$fpl$dsub)
    __aeabi_f2d                              0x0800ac49   Thumb Code     0  f2d.o(x$fpl$f2d)
    _f2d                                     0x0800ac49   Thumb Code    86  f2d.o(x$fpl$f2d)
    __fpl_fnaninf                            0x0800ac9f   Thumb Code   140  fnaninf.o(x$fpl$fnaninf)
    _fp_init                                 0x0800ad2b   Thumb Code    10  fpinit.o(x$fpl$fpinit)
    __fplib_config_fpu_vfp                   0x0800ad33   Thumb Code     0  fpinit.o(x$fpl$fpinit)
    __fplib_config_pureend_doubles           0x0800ad33   Thumb Code     0  fpinit.o(x$fpl$fpinit)
    _frem                                    0x0800ad35   Thumb Code   240  frem_clz.o(x$fpl$frem)
    __fpl_fretinf                            0x0800ae29   Thumb Code    10  fretinf.o(x$fpl$fretinf)
    __I$use$fp                               0x0800ae32   Number         0  usenofp.o(x$fpl$usenofp)
    wCRC_Table                               0x0800ae32   Data         512  algorithmofcrc.o(.constdata)
    CRC8_INIT                                0x0800b032   Data           1  algorithmofcrc.o(.constdata)
    CRC8_TAB                                 0x0800b033   Data         256  algorithmofcrc.o(.constdata)
    Region$$Table$$Base                      0x0800b950   Number         0  anon$$obj.o(Region$$Table)
    Region$$Table$$Limit                     0x0800b970   Number         0  anon$$obj.o(Region$$Table)
    gimbal_receiver_pack1                    0x20000000   Data           8  gimbalreceive.o(.data)
    gimbal_receive_1_update                  0x20000008   Data           1  gimbalreceive.o(.data)
    gimbal_receive_2_update                  0x20000009   Data           1  gimbalreceive.o(.data)
    gimbal_receive_3_update                  0x2000000a   Data           1  gimbalreceive.o(.data)
    jump_up_cnt                              0x2000000c   Data           2  gimbalreceive.o(.data)
    transition_mode_counter                  0x20000010   Data           4  gimbalreceive.o(.data)
    gimbal_pack_send_1                       0x20000014   Data           8  gimbalsend.o(.data)
    cap_send_data                            0x2000001c   Data           8  ningcap.o(.data)
    cap_recv_data                            0x20000024   Data           8  ningcap.o(.data)
    SystemCoreClock                          0x2000002c   Data           4  system_stm32f4xx.o(.data)
    AHBPrescTable                            0x20000030   Data          16  system_stm32f4xx.o(.data)
    LastCNT32                                0x20000040   Data           4  counter.o(.data)
    xCreatedEventGroup                       0x20000058   Data           4  iwdg.o(.data)
    CPU_RunTime                              0x2000005c   Data           4  os_tick.o(.data)
    CRC_INIT                                 0x20000070   Data           2  algorithmofcrc.o(.data)
    sss                                      0x20000072   Data           2  algorithmofcrc.o(.data)
    send_to_gimbal_data                      0x200002f0   Data           8  gimbaltask.o(.data)
    Interval                                 0x200002f8   Data           4  powercontroltask.o(.data)
    timtim                                   0x200002fc   Data           4  powercontroltask.o(.data)
    UI_FRONT_ERR                             0x20000304   Data           4  refereetask.o(.data)
    UI_FRONT_SIN                             0x20000308   Data           4  refereetask.o(.data)
    UI_FRONT_COS                             0x2000030c   Data           4  refereetask.o(.data)
    DT                                       0x20000310   Data           4  refereetask.o(.data)
    T                                        0x20000314   Data           4  refereetask.o(.data)
    Radar_double_hurt_chance                 0x20000318   Data           1  refereetask.o(.data)
    pxCurrentTCB                             0x20000380   Data           4  tasks.o(.data)
    NotifyValue                              0x200003c4   Data           4  tasks.o(.data)
    referee_data_updater                     0x200003f8   Data           2  referee.o(.data)
    infantry                                 0x20000400   Data        3728  chasiscontroller.o(.bss)
    heat_controller                          0x20001290   Data          32  heatcontrol.o(.bss)
    get_rcc_clock                            0x200012b0   Data          16  main.o(.bss)
    cap_controller                           0x200012c0   Data          32  ningcap.o(.bss)
    BlueToothSend_Buff                       0x200012e0   Data          28  bluetooth.o(.bss)
    Refereebuffer                            0x200012fc   Data        4096  bsp_referee.o(.bss)
    SendToReferee_Buff                       0x200022fc   Data         128  bsp_referee.o(.bss)
    SysTime                                  0x2000237c   Data          12  counter.o(.bss)
    sbus_rx_buffer                           0x20002388   Data          20  dji_remote.o(.bss)
    data                                     0x2000239c   Data          28  bluetoothtask.o(.bss)
    offline_detector                         0x200023b8   Data          38  offline_task.o(.bss)
    User_Tasks                               0x200023e0   Data          60  start_task.o(.bss)
    xQueueRegistry                           0x2000241c   Data          80  queue.o(.bss)
    referee_data                             0x20004f78   Data         568  referee.o(.bss)
    fullDataBuffer                           0x200051b0   Data          45  referee.o(.bss)
    remote_controller                        0x200051dd   Data          52  remote_control.o(.bss)
    global_debugger                          0x20005214   Data         200  debug.o(.bss)
    Ozone                                    0x200052dc   Data          32  debug.o(.bss)
    __libspace_start                         0x200052fc   Data          96  libspace.o(.bss)
    __temporary_stack_top$libspace           0x2000535c   Data           0  libspace.o(.bss)



==============================================================================

Memory Map of the image

  Image Entry point : 0x08000189

  Load Region LR_IROM1 (Base: 0x08000000, Size: 0x0000bd6c, Max: 0x00100000, ABSOLUTE, COMPRESSED[0x0000ba2c])

    Execution Region ER_IROM1 (Exec base: 0x08000000, Load base: 0x08000000, Size: 0x0000b970, Max: 0x00100000, ABSOLUTE)

    Exec Addr    Load Addr    Size         Type   Attr      Idx    E Section Name        Object

    0x08000000   0x08000000   0x00000188   Data   RO         1133    RESET               startup_stm32f40_41xxx.o
    0x08000188   0x08000188   0x00000008   Code   RO         8592  * !!!main             c_w.l(__main.o)
    0x08000190   0x08000190   0x00000034   Code   RO         8952    !!!scatter          c_w.l(__scatter.o)
    0x080001c4   0x080001c4   0x0000005a   Code   RO         8950    !!dczerorl2         c_w.l(__dczerorl2.o)
    0x0800021e   0x0800021e   0x00000002   PAD
    0x08000220   0x08000220   0x0000001c   Code   RO         8954    !!handler_zi        c_w.l(__scatter_zi.o)
    0x0800023c   0x0800023c   0x00000002   Code   RO         8887    .ARM.Collect$$libinit$$00000000  c_w.l(libinit.o)
    0x0800023e   0x0800023e   0x00000004   Code   RO         8737    .ARM.Collect$$libinit$$00000001  c_w.l(libinit2.o)
    0x08000242   0x08000242   0x00000000   Code   RO         8740    .ARM.Collect$$libinit$$00000004  c_w.l(libinit2.o)
    0x08000242   0x08000242   0x00000008   Code   RO         8741    .ARM.Collect$$libinit$$00000005  c_w.l(libinit2.o)
    0x0800024a   0x0800024a   0x00000000   Code   RO         8743    .ARM.Collect$$libinit$$0000000A  c_w.l(libinit2.o)
    0x0800024a   0x0800024a   0x00000000   Code   RO         8745    .ARM.Collect$$libinit$$0000000C  c_w.l(libinit2.o)
    0x0800024a   0x0800024a   0x00000000   Code   RO         8747    .ARM.Collect$$libinit$$0000000E  c_w.l(libinit2.o)
    0x0800024a   0x0800024a   0x00000000   Code   RO         8750    .ARM.Collect$$libinit$$00000011  c_w.l(libinit2.o)
    0x0800024a   0x0800024a   0x00000000   Code   RO         8752    .ARM.Collect$$libinit$$00000013  c_w.l(libinit2.o)
    0x0800024a   0x0800024a   0x00000000   Code   RO         8754    .ARM.Collect$$libinit$$00000015  c_w.l(libinit2.o)
    0x0800024a   0x0800024a   0x00000000   Code   RO         8756    .ARM.Collect$$libinit$$00000017  c_w.l(libinit2.o)
    0x0800024a   0x0800024a   0x00000000   Code   RO         8758    .ARM.Collect$$libinit$$00000019  c_w.l(libinit2.o)
    0x0800024a   0x0800024a   0x00000000   Code   RO         8760    .ARM.Collect$$libinit$$0000001B  c_w.l(libinit2.o)
    0x0800024a   0x0800024a   0x00000000   Code   RO         8762    .ARM.Collect$$libinit$$0000001D  c_w.l(libinit2.o)
    0x0800024a   0x0800024a   0x00000000   Code   RO         8764    .ARM.Collect$$libinit$$0000001F  c_w.l(libinit2.o)
    0x0800024a   0x0800024a   0x00000000   Code   RO         8766    .ARM.Collect$$libinit$$00000021  c_w.l(libinit2.o)
    0x0800024a   0x0800024a   0x00000000   Code   RO         8768    .ARM.Collect$$libinit$$00000023  c_w.l(libinit2.o)
    0x0800024a   0x0800024a   0x00000000   Code   RO         8770    .ARM.Collect$$libinit$$00000025  c_w.l(libinit2.o)
    0x0800024a   0x0800024a   0x00000000   Code   RO         8774    .ARM.Collect$$libinit$$0000002C  c_w.l(libinit2.o)
    0x0800024a   0x0800024a   0x00000000   Code   RO         8776    .ARM.Collect$$libinit$$0000002E  c_w.l(libinit2.o)
    0x0800024a   0x0800024a   0x00000000   Code   RO         8778    .ARM.Collect$$libinit$$00000030  c_w.l(libinit2.o)
    0x0800024a   0x0800024a   0x00000000   Code   RO         8780    .ARM.Collect$$libinit$$00000032  c_w.l(libinit2.o)
    0x0800024a   0x0800024a   0x00000002   Code   RO         8781    .ARM.Collect$$libinit$$00000033  c_w.l(libinit2.o)
    0x0800024c   0x0800024c   0x00000002   Code   RO         8947    .ARM.Collect$$libshutdown$$00000000  c_w.l(libshutdown.o)
    0x0800024e   0x0800024e   0x00000000   Code   RO         8903    .ARM.Collect$$libshutdown$$00000002  c_w.l(libshutdown2.o)
    0x0800024e   0x0800024e   0x00000000   Code   RO         8905    .ARM.Collect$$libshutdown$$00000004  c_w.l(libshutdown2.o)
    0x0800024e   0x0800024e   0x00000000   Code   RO         8907    .ARM.Collect$$libshutdown$$00000006  c_w.l(libshutdown2.o)
    0x0800024e   0x0800024e   0x00000000   Code   RO         8910    .ARM.Collect$$libshutdown$$00000009  c_w.l(libshutdown2.o)
    0x0800024e   0x0800024e   0x00000000   Code   RO         8913    .ARM.Collect$$libshutdown$$0000000C  c_w.l(libshutdown2.o)
    0x0800024e   0x0800024e   0x00000000   Code   RO         8915    .ARM.Collect$$libshutdown$$0000000E  c_w.l(libshutdown2.o)
    0x0800024e   0x0800024e   0x00000000   Code   RO         8918    .ARM.Collect$$libshutdown$$00000011  c_w.l(libshutdown2.o)
    0x0800024e   0x0800024e   0x00000002   Code   RO         8919    .ARM.Collect$$libshutdown$$00000012  c_w.l(libshutdown2.o)
    0x08000250   0x08000250   0x00000000   Code   RO         8688    .ARM.Collect$$rtentry$$00000000  c_w.l(__rtentry.o)
    0x08000250   0x08000250   0x00000000   Code   RO         8817    .ARM.Collect$$rtentry$$00000002  c_w.l(__rtentry2.o)
    0x08000250   0x08000250   0x00000006   Code   RO         8829    .ARM.Collect$$rtentry$$00000004  c_w.l(__rtentry4.o)
    0x08000256   0x08000256   0x00000000   Code   RO         8819    .ARM.Collect$$rtentry$$00000009  c_w.l(__rtentry2.o)
    0x08000256   0x08000256   0x00000004   Code   RO         8820    .ARM.Collect$$rtentry$$0000000A  c_w.l(__rtentry2.o)
    0x0800025a   0x0800025a   0x00000000   Code   RO         8822    .ARM.Collect$$rtentry$$0000000C  c_w.l(__rtentry2.o)
    0x0800025a   0x0800025a   0x00000008   Code   RO         8823    .ARM.Collect$$rtentry$$0000000D  c_w.l(__rtentry2.o)
    0x08000262   0x08000262   0x00000002   Code   RO         8890    .ARM.Collect$$rtexit$$00000000  c_w.l(rtexit.o)
    0x08000264   0x08000264   0x00000000   Code   RO         8923    .ARM.Collect$$rtexit$$00000002  c_w.l(rtexit2.o)
    0x08000264   0x08000264   0x00000004   Code   RO         8924    .ARM.Collect$$rtexit$$00000003  c_w.l(rtexit2.o)
    0x08000268   0x08000268   0x00000006   Code   RO         8925    .ARM.Collect$$rtexit$$00000004  c_w.l(rtexit2.o)
    0x0800026e   0x0800026e   0x00000002   PAD
    0x08000270   0x08000270   0x000000b6   Code   RO         7321    .emb_text           port.o
    0x08000326   0x08000326   0x00000002   PAD
    0x08000328   0x08000328   0x00000000   Code   RO         8840    .emb_text           c_w.l(maybetermalloc1.o)
    0x08000328   0x08000328   0x00000040   Code   RO         1134    .text               startup_stm32f40_41xxx.o
    0x08000368   0x08000368   0x000000d8   Code   RO         8416    .text               arm_cortexM4lf_math.lib(arm_cos_f32.o)
    0x08000440   0x08000440   0x000000d8   Code   RO         8463    .text               arm_cortexM4lf_math.lib(arm_sin_f32.o)
    0x08000518   0x08000518   0x0000005e   Code   RO         8487    .text               c_w.l(h1_alloc.o)
    0x08000576   0x08000576   0x000000ee   Code   RO         8541    .text               c_w.l(lludivv7m.o)
    0x08000664   0x08000664   0x0000008a   Code   RO         8580    .text               c_w.l(rt_memcpy_v6.o)
    0x080006ee   0x080006ee   0x00000064   Code   RO         8582    .text               c_w.l(rt_memcpy_w.o)
    0x08000752   0x08000752   0x00000010   Code   RO         8584    .text               c_w.l(aeabi_memset.o)
    0x08000762   0x08000762   0x00000044   Code   RO         8586    .text               c_w.l(rt_memclr.o)
    0x080007a6   0x080007a6   0x0000004e   Code   RO         8588    .text               c_w.l(rt_memclr_w.o)
    0x080007f4   0x080007f4   0x00000006   Code   RO         8590    .text               c_w.l(heapauxi.o)
    0x080007fa   0x080007fa   0x00000002   PAD
    0x080007fc   0x080007fc   0x00000008   Code   RO         8696    .text               c_w.l(rt_heap_descriptor_intlibspace.o)
    0x08000804   0x08000804   0x00000004   Code   RO         8698    .text               c_w.l(hguard.o)
    0x08000808   0x08000808   0x0000008a   Code   RO         8700    .text               c_w.l(init_alloc.o)
    0x08000892   0x08000892   0x0000000e   Code   RO         8706    .text               c_w.l(h1_init.o)
    0x080008a0   0x080008a0   0x0000004e   Code   RO         8708    .text               c_w.l(h1_free.o)
    0x080008ee   0x080008ee   0x00000016   Code   RO         8724    .text               c_w.l(_rserrno.o)
    0x08000904   0x08000904   0x00000008   Code   RO         8813    .text               c_w.l(libspace.o)
    0x0800090c   0x0800090c   0x00000008   Code   RO         8836    .text               c_w.l(rt_errno_addr_intlibspace.o)
    0x08000914   0x08000914   0x00000034   Code   RO         8842    .text               c_w.l(h1_extend.o)
    0x08000948   0x08000948   0x0000000e   Code   RO         8848    .text               c_w.l(defsig_rtmem_outer.o)
    0x08000956   0x08000956   0x00000002   Code   RO         8859    .text               c_w.l(use_no_semi.o)
    0x08000958   0x08000958   0x00000000   Code   RO         8861    .text               c_w.l(indicate_semi.o)
    0x08000958   0x08000958   0x0000004a   Code   RO         8862    .text               c_w.l(sys_stackheap_outer.o)
    0x080009a2   0x080009a2   0x00000012   Code   RO         8868    .text               c_w.l(exit.o)
    0x080009b4   0x080009b4   0x0000000a   Code   RO         8870    .text               c_w.l(defsig_exit.o)
    0x080009be   0x080009be   0x00000002   PAD
    0x080009c0   0x080009c0   0x00000050   Code   RO         8876    .text               c_w.l(defsig_rtmem_inner.o)
    0x08000a10   0x08000a10   0x0000000c   Code   RO         8888    .text               c_w.l(sys_exit.o)
    0x08000a1c   0x08000a1c   0x00000032   Code   RO         8898    .text               c_w.l(defsig_general.o)
    0x08000a4e   0x08000a4e   0x0000000e   Code   RO         8920    .text               c_w.l(sys_wrch.o)
    0x08000a5c   0x08000a5c   0x00000030   Code   RO         5459    i.Append_CRC16_Check_Sum  algorithmofcrc.o
    0x08000a8c   0x08000a8c   0x00000024   Code   RO         5460    i.Append_CRC8_Check_Sum  algorithmofcrc.o
    0x08000ab0   0x08000ab0   0x00000044   Code   RO         1140    i.BLUE_TOOTHSendData  bluetooth.o
    0x08000af4   0x08000af4   0x00000144   Code   RO         1141    i.BLUE_TOOTH_Configuration  bluetooth.o
    0x08000c38   0x08000c38   0x00000036   Code   RO          648    i.BSP_Init          main.o
    0x08000c6e   0x08000c6e   0x00000002   PAD
    0x08000c70   0x08000c70   0x000000f8   Code   RO         6110    i.BlueToothTask     bluetoothtask.o
    0x08000d68   0x08000d68   0x00000094   Code   RO         8138    i.Blue_Tooth_Deal   remote_control.o
    0x08000dfc   0x08000dfc   0x00000004   Code   RO         1037    i.BusFault_Handler  stm32f4xx_it.o
    0x08000e00   0x08000e00   0x000001a8   Code   RO         1315    i.CAN1_Configuration  can1.o
    0x08000fa8   0x08000fa8   0x00000030   Code   RO         1316    i.CAN1_RX0_IRQHandler  can1.o
    0x08000fd8   0x08000fd8   0x00000030   Code   RO         1317    i.CAN1_RX1_IRQHandler  can1.o
    0x08001008   0x08001008   0x0000001c   Code   RO         1318    i.CAN1_TX_IRQHandler  can1.o
    0x08001024   0x08001024   0x0000019c   Code   RO         1353    i.CAN2_Configuration  can2.o
    0x080011c0   0x080011c0   0x00000030   Code   RO         1354    i.CAN2_RX0_IRQHandler  can2.o
    0x080011f0   0x080011f0   0x00000030   Code   RO         1355    i.CAN2_RX1_IRQHandler  can2.o
    0x08001220   0x08001220   0x0000001c   Code   RO         1356    i.CAN2_TX_IRQHandler  can2.o
    0x0800123c   0x0800123c   0x000000a8   Code   RO         1966    i.CAN_ClearITPendingBit  stm32f4xx_can.o
    0x080012e4   0x080012e4   0x00000038   Code   RO         1968    i.CAN_DeInit        stm32f4xx_can.o
    0x0800131c   0x0800131c   0x00000108   Code   RO         1970    i.CAN_FilterInit    stm32f4xx_can.o
    0x08001424   0x08001424   0x00000120   Code   RO         1972    i.CAN_GetITStatus   stm32f4xx_can.o
    0x08001544   0x08001544   0x00000012   Code   RO         1976    i.CAN_ITConfig      stm32f4xx_can.o
    0x08001556   0x08001556   0x00000114   Code   RO         1977    i.CAN_Init          stm32f4xx_can.o
    0x0800166a   0x0800166a   0x000000f0   Code   RO         1980    i.CAN_Receive       stm32f4xx_can.o
    0x0800175a   0x0800175a   0x00000020   Code   RO         1983    i.CAN_StructInit    stm32f4xx_can.o
    0x0800177a   0x0800177a   0x00000126   Code   RO         1985    i.CAN_Transmit      stm32f4xx_can.o
    0x080018a0   0x080018a0   0x00000054   Code   RO         1391    i.COUNTER_Configuration  counter.o
    0x080018f4   0x080018f4   0x000002ec   Code   RO         1275    i.CanReceiveAll     can_receive.o
    0x08001be0   0x08001be0   0x00000034   Code   RO         1295    i.CanSend           can_send.o
    0x08001c14   0x08001c14   0x00000040   Code   RO          840    i.CapControllerInit  ningcap.o
    0x08001c54   0x08001c54   0x00000084   Code   RO         6133    i.ChasisControl_task  chasiscontroltask.o
    0x08001cd8   0x08001cd8   0x000000f0   Code   RO          841    i.ChassisOutputControl  ningcap.o
    0x08001dc8   0x08001dc8   0x00000012   Code   RO         1988    i.CheckITStatus     stm32f4xx_can.o
    0x08001dda   0x08001dda   0x00000002   PAD
    0x08001ddc   0x08001ddc   0x00000020   Code   RO         4968    i.DBGMCU_Config     stm32f4xx_dbgmcu.o
    0x08001dfc   0x08001dfc   0x0000003c   Code   RO         1187    i.DMA1_Stream2_IRQHandler  bsp_referee.o
    0x08001e38   0x08001e38   0x00000034   Code   RO         1188    i.DMA1_Stream4_IRQHandler  bsp_referee.o
    0x08001e6c   0x08001e6c   0x00000034   Code   RO         1143    i.DMA1_Stream6_IRQHandler  bluetooth.o
    0x08001ea0   0x08001ea0   0x00000034   Code   RO         2296    i.DMA_ClearFlag     stm32f4xx_dma.o
    0x08001ed4   0x08001ed4   0x00000034   Code   RO         2297    i.DMA_ClearITPendingBit  stm32f4xx_dma.o
    0x08001f08   0x08001f08   0x00000016   Code   RO         2298    i.DMA_Cmd           stm32f4xx_dma.o
    0x08001f1e   0x08001f1e   0x00000002   PAD
    0x08001f20   0x08001f20   0x00000158   Code   RO         2299    i.DMA_DeInit        stm32f4xx_dma.o
    0x08002078   0x08002078   0x00000014   Code   RO         2303    i.DMA_GetCmdStatus  stm32f4xx_dma.o
    0x0800208c   0x0800208c   0x00000008   Code   RO         2304    i.DMA_GetCurrDataCounter  stm32f4xx_dma.o
    0x08002094   0x08002094   0x00000064   Code   RO         2308    i.DMA_GetITStatus   stm32f4xx_dma.o
    0x080020f8   0x080020f8   0x0000003a   Code   RO         2309    i.DMA_ITConfig      stm32f4xx_dma.o
    0x08002132   0x08002132   0x00000002   PAD
    0x08002134   0x08002134   0x00000058   Code   RO         2310    i.DMA_Init          stm32f4xx_dma.o
    0x0800218c   0x0800218c   0x00000004   Code   RO         2313    i.DMA_SetCurrDataCounter  stm32f4xx_dma.o
    0x08002190   0x08002190   0x00000002   Code   RO         1038    i.DebugMon_Handler  stm32f4xx_it.o
    0x08002192   0x08002192   0x0000012a   Code   RO         5650    i.Feedforward_Calculate  pid.o
    0x080022bc   0x080022bc   0x00000098   Code   RO         5652    i.Feedforward_Init  pid.o
    0x08002354   0x08002354   0x0000007c   Code   RO         7877    i.GM6020_Decode     gm6020.o
    0x080023d0   0x080023d0   0x00000094   Code   RO         7878    i.GM6020_SendPack   gm6020.o
    0x08002464   0x08002464   0x00000090   Code   RO         2773    i.GPIO_Init         stm32f4xx_gpio.o
    0x080024f4   0x080024f4   0x00000046   Code   RO         2774    i.GPIO_PinAFConfig  stm32f4xx_gpio.o
    0x0800253a   0x0800253a   0x00000004   Code   RO         2780    i.GPIO_ResetBits    stm32f4xx_gpio.o
    0x0800253e   0x0800253e   0x00000004   Code   RO         2781    i.GPIO_SetBits      stm32f4xx_gpio.o
    0x08002542   0x08002542   0x00000002   PAD
    0x08002544   0x08002544   0x00000030   Code   RO         1394    i.GetDeltaT         counter.o
    0x08002574   0x08002574   0x00000034   Code   RO         5461    i.Get_CRC16_Check_Sum  algorithmofcrc.o
    0x080025a8   0x080025a8   0x00000024   Code   RO         5462    i.Get_CRC8_Check_Sum  algorithmofcrc.o
    0x080025cc   0x080025cc   0x00000088   Code   RO          500    i.GimbalSendPack    gimbalsend.o
    0x08002654   0x08002654   0x00000048   Code   RO         6210    i.GimbalTask        gimbaltask.o
    0x0800269c   0x0800269c   0x000000e8   Code   RO          452    i.Gimbal_msgs_Decode1  gimbalreceive.o
    0x08002784   0x08002784   0x00000004   Code   RO         1039    i.HardFault_Handler  stm32f4xx_it.o
    0x08002788   0x08002788   0x000000a0   Code   RO          536    i.HeatControl       heatcontrol.o
    0x08002828   0x08002828   0x0000005c   Code   RO          537    i.HeatUpdate        heatcontrol.o
    0x08002884   0x08002884   0x00000050   Code   RO            3    i.InfantryInit      chasiscontroller.o
    0x080028d4   0x080028d4   0x00000080   Code   RO          649    i.Is_Motor_On_Check  main.o
    0x08002954   0x08002954   0x00000036   Code   RO         8328    i.LossUpdate        debug.o
    0x0800298a   0x0800298a   0x00000002   PAD
    0x0800298c   0x0800298c   0x000001e0   Code   RO         7923    i.M3508_Decode      m3508.o
    0x08002b6c   0x08002b6c   0x000000d8   Code   RO         7924    i.M3508_SendPack    m3508.o
    0x08002c44   0x08002c44   0x00000004   Code   RO         1040    i.MemManage_Handler  stm32f4xx_it.o
    0x08002c48   0x08002c48   0x00000002   Code   RO         1041    i.NMI_Handler       stm32f4xx_it.o
    0x08002c4a   0x08002c4a   0x00000002   PAD
    0x08002c4c   0x08002c4c   0x00000078   Code   RO         1678    i.NVIC_Init         misc.o
    0x08002cc4   0x08002cc4   0x00000038   Code   RO          842    i.NingCapControl    ningcap.o
    0x08002cfc   0x08002cfc   0x000001cc   Code   RO         5982    i.OLS_Derivative    user_lib.o
    0x08002ec8   0x08002ec8   0x0000004c   Code   RO         5983    i.OLS_Init          user_lib.o
    0x08002f14   0x08002f14   0x00000158   Code   RO         6262    i.Offline_task      offline_task.o
    0x0800306c   0x0800306c   0x00000276   Code   RO         5655    i.PID_Calculate     pid.o
    0x080032e2   0x080032e2   0x00000002   PAD
    0x080032e4   0x080032e4   0x000000a4   Code   RO         5658    i.PID_Init          pid.o
    0x08003388   0x08003388   0x00000164   Code   RO         6288    i.PowerControlTask  powercontroltask.o
    0x080034ec   0x080034ec   0x00000508   Code   RO          947    i.PowerLimit        powerlimit.o
    0x080039f4   0x080039f4   0x00000024   Code   RO          948    i.PowerLimitInit    powerlimit.o
    0x08003a18   0x08003a18   0x00000020   Code   RO         3147    i.RCC_AHB1PeriphClockCmd  stm32f4xx_rcc.o
    0x08003a38   0x08003a38   0x00000020   Code   RO         3156    i.RCC_APB1PeriphClockCmd  stm32f4xx_rcc.o
    0x08003a58   0x08003a58   0x00000020   Code   RO         3158    i.RCC_APB1PeriphResetCmd  stm32f4xx_rcc.o
    0x08003a78   0x08003a78   0x00000020   Code   RO         3161    i.RCC_APB2PeriphResetCmd  stm32f4xx_rcc.o
    0x08003a98   0x08003a98   0x000000e8   Code   RO         3168    i.RCC_GetClocksFreq  stm32f4xx_rcc.o
    0x08003b80   0x08003b80   0x00000034   Code   RO         8139    i.RC_Rst            remote_control.o
    0x08003bb4   0x08003bb4   0x000001d8   Code   RO         1189    i.REFEREE_Configuration  bsp_referee.o
    0x08003d8c   0x08003d8c   0x00000038   Code   RO         1190    i.REFEREE_SendBytes  bsp_referee.o
    0x08003dc4   0x08003dc4   0x000000e8   Code   RO          844    i.RefereeOutputControl  ningcap.o
    0x08003eac   0x08003eac   0x00000198   Code   RO         8032    i.Referee_SolveFifoData  referee.o
    0x08004044   0x08004044   0x00000304   Code   RO         8034    i.Referee_UnpackFifoData  referee.o
    0x08004348   0x08004348   0x00000a20   Code   RO         6311    i.Refereetask       refereetask.o
    0x08004d68   0x08004d68   0x0000001e   Code   RO         8140    i.RemoteLimit       remote_control.o
    0x08004d86   0x08004d86   0x00000002   PAD
    0x08004d88   0x08004d88   0x000000e4   Code   RO         8141    i.RemoteReceive     remote_control.o
    0x08004e6c   0x08004e6c   0x00000040   Code   RO          650    i.Robot_Init        main.o
    0x08004eac   0x08004eac   0x00000020   Code   RO          845    i.SendCapPack       ningcap.o
    0x08004ecc   0x08004ecc   0x0000001c   Code   RO         6211    i.SendToGimbalPack  gimbaltask.o
    0x08004ee8   0x08004ee8   0x000000ec   Code   RO         1096    i.SetSysClock       system_stm32f4xx.o
    0x08004fd4   0x08004fd4   0x00000068   Code   RO         5986    i.Sqrt              user_lib.o
    0x0800503c   0x0800503c   0x00000008   Code   RO         1042    i.SysTick_Handler   stm32f4xx_it.o
    0x08005044   0x08005044   0x00000068   Code   RO         1098    i.SystemInit        system_stm32f4xx.o
    0x080050ac   0x080050ac   0x000002ec   Code   RO         5948    i.TD_Calculate      td.o
    0x08005398   0x08005398   0x0000002c   Code   RO         5949    i.TD_Clear          td.o
    0x080053c4   0x080053c4   0x00000038   Code   RO         5950    i.TD_Init           td.o
    0x080053fc   0x080053fc   0x00000028   Code   RO         1626    i.TIM7_IRQHandler   os_tick.o
    0x08005424   0x08005424   0x00000006   Code   RO         3970    i.TIM_ClearITPendingBit  stm32f4xx_tim.o
    0x0800542a   0x0800542a   0x00000018   Code   RO         3975    i.TIM_Cmd           stm32f4xx_tim.o
    0x08005442   0x08005442   0x00000022   Code   RO         3996    i.TIM_GetITStatus   stm32f4xx_tim.o
    0x08005464   0x08005464   0x00000084   Code   RO         4047    i.TIM_TimeBaseInit  stm32f4xx_tim.o
    0x080054e8   0x080054e8   0x000000dc   Code   RO         8038    i.UI_Draw_Float     referee.o
    0x080055c4   0x080055c4   0x000000ba   Code   RO         8039    i.UI_Draw_Int       referee.o
    0x0800567e   0x0800567e   0x00000096   Code   RO         8040    i.UI_Draw_Line      referee.o
    0x08005714   0x08005714   0x0000009a   Code   RO         8041    i.UI_Draw_Rectangle  referee.o
    0x080057ae   0x080057ae   0x000000a4   Code   RO         8042    i.UI_Draw_String    referee.o
    0x08005852   0x08005852   0x00000114   Code   RO         8044    i.UI_PushUp_Graphs  referee.o
    0x08005966   0x08005966   0x00000050   Code   RO         8045    i.UI_PushUp_String  referee.o
    0x080059b6   0x080059b6   0x00000002   PAD
    0x080059b8   0x080059b8   0x0000002c   Code   RO         1144    i.USART2_IRQHandler  bluetooth.o
    0x080059e4   0x080059e4   0x00000058   Code   RO         1470    i.USART3_IRQHandler  dji_remote.o
    0x08005a3c   0x08005a3c   0x0000001e   Code   RO         4522    i.USART_ClearITPendingBit  stm32f4xx_usart.o
    0x08005a5a   0x08005a5a   0x00000018   Code   RO         4525    i.USART_Cmd         stm32f4xx_usart.o
    0x08005a72   0x08005a72   0x00000012   Code   RO         4526    i.USART_DMACmd      stm32f4xx_usart.o
    0x08005a84   0x08005a84   0x000000f0   Code   RO         4527    i.USART_DeInit      stm32f4xx_usart.o
    0x08005b74   0x08005b74   0x00000054   Code   RO         4529    i.USART_GetITStatus  stm32f4xx_usart.o
    0x08005bc8   0x08005bc8   0x0000004a   Code   RO         4531    i.USART_ITConfig    stm32f4xx_usart.o
    0x08005c12   0x08005c12   0x00000002   PAD
    0x08005c14   0x08005c14   0x000000d4   Code   RO         4532    i.USART_Init        stm32f4xx_usart.o
    0x08005ce8   0x08005ce8   0x0000000a   Code   RO         4539    i.USART_ReceiveData  stm32f4xx_usart.o
    0x08005cf2   0x08005cf2   0x00000004   Code   RO         1043    i.UsageFault_Handler  stm32f4xx_it.o
    0x08005cf6   0x08005cf6   0x00000002   PAD
    0x08005cf8   0x08005cf8   0x00000040   Code   RO         5463    i.Verify_CRC16_Check_Sum  algorithmofcrc.o
    0x08005d38   0x08005d38   0x00000038   Code   RO         5464    i.Verify_CRC8_Check_Sum  algorithmofcrc.o
    0x08005d70   0x08005d70   0x000000b4   Code   RO         8382    i.ZeroCheck         zerocheck.o
    0x08005e24   0x08005e24   0x00000026   Code   RO         8795    i.__ARM_fpclassifyf  m_wm.l(fpclassifyf.o)
    0x08005e4a   0x08005e4a   0x00000002   PAD
    0x08005e4c   0x08005e4c   0x000002ac   Code   RO         8644    i.__hardfp_atan2f   m_wm.l(atan2f.o)
    0x080060f8   0x080060f8   0x00000014   Code   RO         8656    i.__hardfp_fabs     m_wm.l(fabs.o)
    0x0800610c   0x0800610c   0x000000b0   Code   RO         8662    i.__hardfp_fmodf    m_wm.l(fmodf.o)
    0x080061bc   0x080061bc   0x00000006   Code   RO         8799    i.__mathlib_flt_infnan2  m_wm.l(funder.o)
    0x080061c2   0x080061c2   0x00000002   PAD
    0x080061c4   0x080061c4   0x00000010   Code   RO         8800    i.__mathlib_flt_invalid  m_wm.l(funder.o)
    0x080061d4   0x080061d4   0x00000010   Code   RO         8803    i.__mathlib_flt_underflow  m_wm.l(funder.o)
    0x080061e4   0x080061e4   0x000000b8   Code   RO          979    i.add_vector        steer.o
    0x0800629c   0x0800629c   0x00000690   Code   RO            4    i.angle_z_err_get   chasiscontroller.o
    0x0800692c   0x0800692c   0x0000002c   Code   RO          980    i.arm_sqrt_f32      steer.o
    0x08006958   0x08006958   0x0000002c   Code   RO            5    i.chassis_follow_control  chasiscontroller.o
    0x08006984   0x08006984   0x0000002c   Code   RO            6    i.chassis_not_follow_control  chasiscontroller.o
    0x080069b0   0x080069b0   0x00000088   Code   RO            7    i.chassis_powerdown_control  chasiscontroller.o
    0x08006a38   0x08006a38   0x0000002c   Code   RO            8    i.chassis_rotate_control  chasiscontroller.o
    0x08006a64   0x08006a64   0x0000001e   Code   RO         8358    i.delay_ms          tools.o
    0x08006a82   0x08006a82   0x00000002   PAD
    0x08006a84   0x08006a84   0x00000090   Code   RO         6312    i.drawCapBar        refereetask.o
    0x08006b14   0x08006b14   0x000001b0   Code   RO            9    i.execute_control   chasiscontroller.o
    0x08006cc4   0x08006cc4   0x000000c8   Code   RO         5659    i.f_Changing_Integration_Rate  pid.o
    0x08006d8c   0x08006d8c   0x00000042   Code   RO         5660    i.f_Derivative_Filter  pid.o
    0x08006dce   0x08006dce   0x000000ca   Code   RO         5661    i.f_Derivative_On_Measurement  pid.o
    0x08006e98   0x08006e98   0x000000d4   Code   RO         5662    i.f_Integral_Limit  pid.o
    0x08006f6c   0x08006f6c   0x00000042   Code   RO         5663    i.f_Output_Filter   pid.o
    0x08006fae   0x08006fae   0x0000003e   Code   RO         5664    i.f_Output_Limit    pid.o
    0x08006fec   0x08006fec   0x000000a4   Code   RO         5665    i.f_PID_ErrorHandle  pid.o
    0x08007090   0x08007090   0x0000003e   Code   RO         5666    i.f_Proportion_Limit  pid.o
    0x080070ce   0x080070ce   0x00000066   Code   RO         5667    i.f_Trapezoid_Intergral  pid.o
    0x08007134   0x08007134   0x00000090   Code   RO          846    i.getCapEnergy      ningcap.o
    0x080071c4   0x080071c4   0x00000194   Code   RO           10    i.getDir            chasiscontroller.o
    0x08007358   0x08007358   0x000000e8   Code   RO           11    i.get_sensors_info  chasiscontroller.o
    0x08007440   0x08007440   0x0000001a   Code   RO         5601    i.iir               my_filter.o
    0x0800745a   0x0800745a   0x00000018   Code   RO         8142    i.initRemoteControl  remote_control.o
    0x08007472   0x08007472   0x00000002   PAD
    0x08007474   0x08007474   0x000000c4   Code   RO           12    i.limit_pi          chasiscontroller.o
    0x08007538   0x08007538   0x00000024   Code   RO          651    i.main              main.o
    0x0800755c   0x0800755c   0x00000040   Code   RO           13    i.main_control      chasiscontroller.o
    0x0800759c   0x0800759c   0x00000078   Code   RO          780    i.mecanum_chassis_control  mecanum.o
    0x08007614   0x08007614   0x000000e0   Code   RO          781    i.mecanum_follow_control  mecanum.o
    0x080076f4   0x080076f4   0x000000dc   Code   RO          782    i.mecanum_inv_kinematics  mecanum.o
    0x080077d0   0x080077d0   0x00000160   Code   RO          783    i.mecanum_pid_init  mecanum.o
    0x08007930   0x08007930   0x000000b0   Code   RO          784    i.mecanum_pos_kinematics  mecanum.o
    0x080079e0   0x080079e0   0x000000b8   Code   RO          785    i.mecanum_rotate_control  mecanum.o
    0x08007a98   0x08007a98   0x00000078   Code   RO          897    i.omni_chassis_control  omni.o
    0x08007b10   0x08007b10   0x000000e0   Code   RO          898    i.omni_follow_control  omni.o
    0x08007bf0   0x08007bf0   0x000000dc   Code   RO          899    i.omni_inv_kinematics  omni.o
    0x08007ccc   0x08007ccc   0x00000128   Code   RO          900    i.omni_pid_init     omni.o
    0x08007df4   0x08007df4   0x000000b4   Code   RO          901    i.omni_pos_kinematics  omni.o
    0x08007ea8   0x08007ea8   0x000000b8   Code   RO          902    i.omni_rotate_control  omni.o
    0x08007f60   0x08007f60   0x00000098   Code   RO         6782    i.prvAddCurrentTaskToDelayedList  tasks.o
    0x08007ff8   0x08007ff8   0x000000b8   Code   RO         6783    i.prvAddNewTaskToReadyList  tasks.o
    0x080080b0   0x080080b0   0x00000064   Code   RO         7138    i.prvCheckForValidListAndQueue  timers.o
    0x08008114   0x08008114   0x00000064   Code   RO         6784    i.prvCheckTasksWaitingTermination  tasks.o
    0x08008178   0x08008178   0x0000002a   Code   RO         6605    i.prvCopyDataFromQueue  queue.o
    0x080081a2   0x080081a2   0x0000006a   Code   RO         6606    i.prvCopyDataToQueue  queue.o
    0x0800820c   0x0800820c   0x00000012   Code   RO         6785    i.prvDeleteTCB      tasks.o
    0x0800821e   0x0800821e   0x00000002   PAD
    0x08008220   0x08008220   0x00000028   Code   RO         7139    i.prvGetNextExpireTime  timers.o
    0x08008248   0x08008248   0x0000007c   Code   RO         7264    i.prvHeapInit       heap_4.o
    0x080082c4   0x080082c4   0x00000028   Code   RO         6786    i.prvIdleTask       tasks.o
    0x080082ec   0x080082ec   0x0000002a   Code   RO         6607    i.prvInitialiseNewQueue  queue.o
    0x08008316   0x08008316   0x00000090   Code   RO         6787    i.prvInitialiseNewTask  tasks.o
    0x080083a6   0x080083a6   0x00000002   PAD
    0x080083a8   0x080083a8   0x00000068   Code   RO         6788    i.prvInitialiseTaskLists  tasks.o
    0x08008410   0x08008410   0x00000068   Code   RO         7265    i.prvInsertBlockIntoFreeList  heap_4.o
    0x08008478   0x08008478   0x00000058   Code   RO         7141    i.prvInsertTimerInActiveList  timers.o
    0x080084d0   0x080084d0   0x0000001a   Code   RO         6608    i.prvIsQueueEmpty   queue.o
    0x080084ea   0x080084ea   0x0000001e   Code   RO         6609    i.prvIsQueueFull    queue.o
    0x08008508   0x08008508   0x0000004c   Code   RO         7142    i.prvProcessExpiredTimer  timers.o
    0x08008554   0x08008554   0x000000bc   Code   RO         7143    i.prvProcessReceivedCommands  timers.o
    0x08008610   0x08008610   0x00000074   Code   RO         7144    i.prvProcessTimerOrBlockTask  timers.o
    0x08008684   0x08008684   0x00000034   Code   RO         6790    i.prvResetNextTaskUnblockTime  tasks.o
    0x080086b8   0x080086b8   0x0000002c   Code   RO         7145    i.prvSampleTimeNow  timers.o
    0x080086e4   0x080086e4   0x00000084   Code   RO         7146    i.prvSwitchTimerLists  timers.o
    0x08008768   0x08008768   0x00000016   Code   RO         7322    i.prvTaskExitError  port.o
    0x0800877e   0x0800877e   0x0000001a   Code   RO         7147    i.prvTimerTask      timers.o
    0x08008798   0x08008798   0x0000007e   Code   RO         6610    i.prvUnlockQueue    queue.o
    0x08008816   0x08008816   0x00000002   PAD
    0x08008818   0x08008818   0x000000d0   Code   RO         7266    i.pvPortMalloc      heap_4.o
    0x080088e8   0x080088e8   0x0000002c   Code   RO         7323    i.pxPortInitialiseStack  port.o
    0x08008914   0x08008914   0x0000000c   Code   RO         8143    i.setBombBayState   remote_control.o
    0x08008920   0x08008920   0x0000000c   Code   RO         8144    i.setChassisFormat  remote_control.o
    0x0800892c   0x0800892c   0x0000000c   Code   RO         8145    i.setControlMode    remote_control.o
    0x08008938   0x08008938   0x0000001c   Code   RO         8146    i.setControlModeAction  remote_control.o
    0x08008954   0x08008954   0x0000000c   Code   RO         8147    i.setFlyMode        remote_control.o
    0x08008960   0x08008960   0x00000014   Code   RO         8148    i.setGimbalAction   remote_control.o
    0x08008974   0x08008974   0x00000024   Code   RO         8149    i.setRobotState     remote_control.o
    0x08008998   0x08008998   0x0000004c   Code   RO         8396    i.setRobotType      robot_config.o
    0x080089e4   0x080089e4   0x00000014   Code   RO         8150    i.setShootAction    remote_control.o
    0x080089f8   0x080089f8   0x0000000c   Code   RO         8151    i.setSuperPower     remote_control.o
    0x08008a04   0x08008a04   0x00000148   Code   RO           14    i.set_robot_speed   chasiscontroller.o
    0x08008b4c   0x08008b4c   0x0000001a   Code   RO         5987    i.sign              user_lib.o
    0x08008b66   0x08008b66   0x00000002   PAD
    0x08008b68   0x08008b68   0x0000002c   Code   RO         6395    i.startTask         start_task.o
    0x08008b94   0x08008b94   0x00000128   Code   RO         6396    i.start_task        start_task.o
    0x08008cbc   0x08008cbc   0x0000046c   Code   RO          981    i.steer_chassis_control  steer.o
    0x08009128   0x08009128   0x00000190   Code   RO          982    i.steer_moving_optimization  steer.o
    0x080092b8   0x080092b8   0x0000034c   Code   RO          983    i.steer_pid_init    steer.o
    0x08009604   0x08009604   0x00000028   Code   RO         6560    i.uxListRemove      list.o
    0x0800962c   0x0800962c   0x0000001a   Code   RO         6561    i.vListInitialise   list.o
    0x08009646   0x08009646   0x00000006   Code   RO         6562    i.vListInitialiseItem  list.o
    0x0800964c   0x0800964c   0x00000034   Code   RO         6563    i.vListInsert       list.o
    0x08009680   0x08009680   0x00000018   Code   RO         6564    i.vListInsertEnd    list.o
    0x08009698   0x08009698   0x00000024   Code   RO         7325    i.vPortEnterCritical  port.o
    0x080096bc   0x080096bc   0x00000020   Code   RO         7326    i.vPortExitCritical  port.o
    0x080096dc   0x080096dc   0x00000048   Code   RO         7267    i.vPortFree         heap_4.o
    0x08009724   0x08009724   0x00000020   Code   RO         7327    i.vPortSetupTimerInterrupt  port.o
    0x08009744   0x08009744   0x0000002c   Code   RO         6616    i.vQueueAddToRegistry  queue.o
    0x08009770   0x08009770   0x0000004a   Code   RO         6620    i.vQueueWaitForMessageRestricted  queue.o
    0x080097ba   0x080097ba   0x00000002   PAD
    0x080097bc   0x080097bc   0x00000034   Code   RO         6802    i.vTaskDelay        tasks.o
    0x080097f0   0x080097f0   0x00000074   Code   RO         6803    i.vTaskDelayUntil   tasks.o
    0x08009864   0x08009864   0x000000cc   Code   RO         6804    i.vTaskDelete       tasks.o
    0x08009930   0x08009930   0x0000000c   Code   RO         6809    i.vTaskMissedYield  tasks.o
    0x0800993c   0x0800993c   0x00000020   Code   RO         6811    i.vTaskPlaceOnEventList  tasks.o
    0x0800995c   0x0800995c   0x00000028   Code   RO         6812    i.vTaskPlaceOnEventListRestricted  tasks.o
    0x08009984   0x08009984   0x00000018   Code   RO         6817    i.vTaskSetTimeOutState  tasks.o
    0x0800999c   0x0800999c   0x00000078   Code   RO         6818    i.vTaskStartScheduler  tasks.o
    0x08009a14   0x08009a14   0x00000010   Code   RO         6820    i.vTaskSuspendAll   tasks.o
    0x08009a24   0x08009a24   0x000000a0   Code   RO         6821    i.vTaskSwitchContext  tasks.o
    0x08009ac4   0x08009ac4   0x00000084   Code   RO           15    i.wheels_accel      chasiscontroller.o
    0x08009b48   0x08009b48   0x0000013c   Code   RO           16    i.wheels_power_limit  chasiscontroller.o
    0x08009c84   0x08009c84   0x0000001a   Code   RO         6466    i.xEventGroupCreate  event_groups.o
    0x08009c9e   0x08009c9e   0x00000092   Code   RO         6468    i.xEventGroupSetBits  event_groups.o
    0x08009d30   0x08009d30   0x00000048   Code   RO         7328    i.xPortStartScheduler  port.o
    0x08009d78   0x08009d78   0x00000034   Code   RO         7329    i.xPortSysTickHandler  port.o
    0x08009dac   0x08009dac   0x00000038   Code   RO         6621    i.xQueueGenericCreate  queue.o
    0x08009de4   0x08009de4   0x0000013c   Code   RO         6622    i.xQueueGenericReceive  queue.o
    0x08009f20   0x08009f20   0x00000080   Code   RO         6623    i.xQueueGenericReset  queue.o
    0x08009fa0   0x08009fa0   0x00000118   Code   RO         6624    i.xQueueGenericSend  queue.o
    0x0800a0b8   0x0800a0b8   0x00000086   Code   RO         6625    i.xQueueGenericSendFromISR  queue.o
    0x0800a13e   0x0800a13e   0x00000002   PAD
    0x0800a140   0x0800a140   0x0000005c   Code   RO         6822    i.xTaskCheckForTimeOut  tasks.o
    0x0800a19c   0x0800a19c   0x00000060   Code   RO         6823    i.xTaskCreate       tasks.o
    0x0800a1fc   0x0800a1fc   0x00000020   Code   RO         6826    i.xTaskGetSchedulerState  tasks.o
    0x0800a21c   0x0800a21c   0x0000000c   Code   RO         6827    i.xTaskGetTickCount  tasks.o
    0x0800a228   0x0800a228   0x0000011c   Code   RO         6829    i.xTaskIncrementTick  tasks.o
    0x0800a344   0x0800a344   0x00000080   Code   RO         6832    i.xTaskRemoveFromEventList  tasks.o
    0x0800a3c4   0x0800a3c4   0x00000070   Code   RO         6833    i.xTaskRemoveFromUnorderedEventList  tasks.o
    0x0800a434   0x0800a434   0x000000e8   Code   RO         6834    i.xTaskResumeAll    tasks.o
    0x0800a51c   0x0800a51c   0x00000040   Code   RO         7151    i.xTimerCreateTimerTask  timers.o
    0x0800a55c   0x0800a55c   0x0000006c   Code   RO         7152    i.xTimerGenericCommand  timers.o
    0x0800a5c8   0x0800a5c8   0x00000062   Code   RO         8594    x$fpl$d2f           fz_wm.l(d2f.o)
    0x0800a62a   0x0800a62a   0x00000002   PAD
    0x0800a62c   0x0800a62c   0x00000150   Code   RO         8596    x$fpl$dadd          fz_wm.l(daddsub_clz.o)
    0x0800a77c   0x0800a77c   0x00000018   Code   RO         8782    x$fpl$dcmpinf       fz_wm.l(dcmpi.o)
    0x0800a794   0x0800a794   0x00000078   Code   RO         8612    x$fpl$dleqf         fz_wm.l(dleqf.o)
    0x0800a80c   0x0800a80c   0x00000154   Code   RO         8614    x$fpl$dmul          fz_wm.l(dmul.o)
    0x0800a960   0x0800a960   0x0000009c   Code   RO         8784    x$fpl$dnaninf       fz_wm.l(dnaninf.o)
    0x0800a9fc   0x0800a9fc   0x0000000c   Code   RO         8786    x$fpl$dretinf       fz_wm.l(dretinf.o)
    0x0800aa08   0x0800aa08   0x0000006c   Code   RO         8616    x$fpl$drleqf        fz_wm.l(drleqf.o)
    0x0800aa74   0x0800aa74   0x000001d4   Code   RO         8598    x$fpl$dsub          fz_wm.l(daddsub_clz.o)
    0x0800ac48   0x0800ac48   0x00000056   Code   RO         8618    x$fpl$f2d           fz_wm.l(f2d.o)
    0x0800ac9e   0x0800ac9e   0x0000008c   Code   RO         8788    x$fpl$fnaninf       fz_wm.l(fnaninf.o)
    0x0800ad2a   0x0800ad2a   0x0000000a   Code   RO         8857    x$fpl$fpinit        fz_wm.l(fpinit.o)
    0x0800ad34   0x0800ad34   0x000000f4   Code   RO         8790    x$fpl$frem          fz_wm.l(frem_clz.o)
    0x0800ae28   0x0800ae28   0x0000000a   Code   RO         8792    x$fpl$fretinf       fz_wm.l(fretinf.o)
    0x0800ae32   0x0800ae32   0x00000000   Code   RO         8794    x$fpl$usenofp       fz_wm.l(usenofp.o)
    0x0800ae32   0x0800ae32   0x00000301   Data   RO         5465    .constdata          algorithmofcrc.o
    0x0800b133   0x0800b133   0x00000001   PAD
    0x0800b134   0x0800b134   0x00000410   Data   RO         8417    .constdata          arm_cortexM4lf_math.lib(arm_cos_f32.o)
    0x0800b544   0x0800b544   0x0000040c   Data   RO         8464    .constdata          arm_cortexM4lf_math.lib(arm_sin_f32.o)
    0x0800b950   0x0800b950   0x00000020   Data   RO         8948    Region$$Table       anon$$obj.o


    Execution Region RW_IRAM1 (Exec base: 0x20000000, Load base: 0x0800b970, Size: 0x00006a60, Max: 0x00020000, ABSOLUTE, COMPRESSED[0x000000bc])

    Exec Addr    Load Addr    Size         Type   Attr      Idx    E Section Name        Object

    0x20000000   COMPRESSED   0x00000014   Data   RW          453    .data               gimbalreceive.o
    0x20000014   COMPRESSED   0x00000008   Data   RW          501    .data               gimbalsend.o
    0x2000001c   COMPRESSED   0x00000010   Data   RW          848    .data               ningcap.o
    0x2000002c   COMPRESSED   0x00000014   Data   RW         1099    .data               system_stm32f4xx.o
    0x20000040   COMPRESSED   0x00000018   Data   RW         1402    .data               counter.o
    0x20000058   COMPRESSED   0x00000004   Data   RW         1569    .data               iwdg.o
    0x2000005c   COMPRESSED   0x00000004   Data   RW         1627    .data               os_tick.o
    0x20000060   COMPRESSED   0x00000010   Data   RW         3200    .data               stm32f4xx_rcc.o
    0x20000070   COMPRESSED   0x00000004   Data   RW         5466    .data               algorithmofcrc.o
    0x20000074   COMPRESSED   0x00000254   Data   RW         5668    .data               pid.o
    0x200002c8   COMPRESSED   0x0000001c   Data   RW         5951    .data               td.o
    0x200002e4   COMPRESSED   0x0000000c   Data   RW         5988    .data               user_lib.o
    0x200002f0   COMPRESSED   0x00000008   Data   RW         6212    .data               gimbaltask.o
    0x200002f8   COMPRESSED   0x0000000c   Data   RW         6289    .data               powercontroltask.o
    0x20000304   COMPRESSED   0x00000075   Data   RW         6313    .data               refereetask.o
    0x20000379   COMPRESSED   0x00000003   PAD
    0x2000037c   COMPRESSED   0x00000004   Data   RW         6398    .data               start_task.o
    0x20000380   COMPRESSED   0x00000048   Data   RW         6837    .data               tasks.o
    0x200003c8   COMPRESSED   0x00000014   Data   RW         7158    .data               timers.o
    0x200003dc   COMPRESSED   0x00000018   Data   RW         7272    .data               heap_4.o
    0x200003f4   COMPRESSED   0x00000004   Data   RW         7330    .data               port.o
    0x200003f8   COMPRESSED   0x00000002   Data   RW         8047    .data               referee.o
    0x200003fa   COMPRESSED   0x00000006   PAD
    0x20000400        -       0x00000e90   Zero   RW           17    .bss                chasiscontroller.o
    0x20001290        -       0x00000020   Zero   RW          538    .bss                heatcontrol.o
    0x200012b0        -       0x00000010   Zero   RW          652    .bss                main.o
    0x200012c0        -       0x00000020   Zero   RW          847    .bss                ningcap.o
    0x200012e0        -       0x0000001c   Zero   RW         1145    .bss                bluetooth.o
    0x200012fc        -       0x00001080   Zero   RW         1191    .bss                bsp_referee.o
    0x2000237c        -       0x0000000c   Zero   RW         1401    .bss                counter.o
    0x20002388        -       0x00000014   Zero   RW         1471    .bss                dji_remote.o
    0x2000239c        -       0x0000001c   Zero   RW         6111    .bss                bluetoothtask.o
    0x200023b8        -       0x00000026   Zero   RW         6263    .bss                offline_task.o
    0x200023de   COMPRESSED   0x00000002   PAD
    0x200023e0        -       0x0000003c   Zero   RW         6397    .bss                start_task.o
    0x2000241c        -       0x00000050   Zero   RW         6631    .bss                queue.o
    0x2000246c        -       0x000002e4   Zero   RW         6836    .bss                tasks.o
    0x20002750        -       0x00000028   Zero   RW         7157    .bss                timers.o
    0x20002778        -       0x00002800   Zero   RW         7271    .bss                heap_4.o
    0x20004f78        -       0x00000265   Zero   RW         8046    .bss                referee.o
    0x200051dd        -       0x00000034   Zero   RW         8152    .bss                remote_control.o
    0x20005211   COMPRESSED   0x00000003   PAD
    0x20005214        -       0x000000e8   Zero   RW         8330    .bss                debug.o
    0x200052fc        -       0x00000060   Zero   RW         8814    .bss                c_w.l(libspace.o)
    0x2000535c   COMPRESSED   0x00000004   PAD
    0x20005360        -       0x00001100   Zero   RW         1132    HEAP                startup_stm32f40_41xxx.o
    0x20006460        -       0x00000600   Zero   RW         1131    STACK               startup_stm32f40_41xxx.o


==============================================================================

Image component sizes


      Code (inc. data)   RO Data    RW Data    ZI Data      Debug   Object Name

       292         26        769          4          0       5258   algorithmofcrc.o
       488         42          0          0         28       3047   bluetooth.o
       248         24          0          0         28        839   bluetoothtask.o
       640         60          0          0       4224       3203   bsp_referee.o
       548         24          0          0          0       2474   can1.o
       536         22          0          0          0       2474   can2.o
       748         38          0          0          0       1168   can_receive.o
        52          0          0          0          0       1038   can_send.o
      4132        212          0          0       3728     342729   chasiscontroller.o
       132         12          0          0          0        653   chasiscontroltask.o
       132         16          0         24         12       2252   counter.o
        54          0          0          0        232       2541   debug.o
        88         14          0          0         20       1161   dji_remote.o
       172          0          0          0          0      10665   event_groups.o
       232         14          0         20          0       5293   gimbalreceive.o
       136         18          0          8          0       2910   gimbalsend.o
       100         20          0          8          0       1662   gimbaltask.o
       272         22          0          0          0       1942   gm6020.o
       508         62          0         24      10240       3867   heap_4.o
       252         14          0          0         32       2025   heatcontrol.o
         0          0          0          4          0        241   iwdg.o
       148          0          0          0          0       3286   list.o
       696         24          0          0          0       2556   m3508.o
       282         28          0          0         16       4007   main.o
      1276        118          0          0          0       3473   mecanum.o
       120         14          0          0          0       1020   misc.o
        26          0          0          0          0        594   my_filter.o
       768         72          0         16         32       5657   ningcap.o
       344          8          0          0         38       2038   offline_task.o
      1224        112          0          0          0       3383   omni.o
        40          8          0          4          0       1020   os_tick.o
      2380         40          0        596          0      11950   pid.o
       472         58          0          4          0       9600   port.o
       356         50          0         12          0       1053   powercontroltask.o
      1324         56          0          0          0       2926   powerlimit.o
      1404         20          0          0         80      14997   queue.o
      2410         50          0          2        613      18591   referee.o
      2736        302          0        117          0      12330   refereetask.o
       646         86          0          0         52      11762   remote_control.o
        76          6          0          0          0        559   robot_config.o
       340        154          0          4         60       2482   start_task.o
        64         26        392          0       5888        864   startup_stm32f40_41xxx.o
      2604        178          0          0          0      17854   steer.o
      1654         22          0          0          0       7616   stm32f4xx_can.o
        32          6          0          0          0        584   stm32f4xx_dbgmcu.o
       748         72          0          0          0       7624   stm32f4xx_dma.o
       222          0          0          0          0       2919   stm32f4xx_gpio.o
        28          0          0          0          0       3451   stm32f4xx_it.o
       360         42          0         16          0       5256   stm32f4xx_rcc.o
       196         28          0          0          0       3111   stm32f4xx_tim.o
       692         42          0          0          0       6270   stm32f4xx_usart.o
       340         32          0         20          0       1893   system_stm32f4xx.o
      2558        414          0         72        740      29520   tasks.o
       848         46          0         28          0       2300   td.o
       982        116          0         20         40       8835   timers.o
        30          0          0          0          0        623   tools.o
       666         20          0         12          0       4864   user_lib.o
       180         10          0          0          0       1008   zerocheck.o

    ----------------------------------------------------------------------
     39076       2900       1194       1020      26112     615318   Object Totals
         0          0         32          0          0          0   (incl. Generated)
        42          0          1          5          9          0   (incl. Padding)

    ----------------------------------------------------------------------

      Code (inc. data)   RO Data    RW Data    ZI Data      Debug   Library Member Name

       216         22       1040          0          0      16570   arm_cos_f32.o
       216         22       1036          0          0       1382   arm_sin_f32.o
        90          0          0          0          0          0   __dczerorl2.o
         8          0          0          0          0         68   __main.o
         0          0          0          0          0          0   __rtentry.o
        12          0          0          0          0          0   __rtentry2.o
         6          0          0          0          0          0   __rtentry4.o
        52          8          0          0          0          0   __scatter.o
        28          0          0          0          0          0   __scatter_zi.o
        22          0          0          0          0        100   _rserrno.o
        16          0          0          0          0         68   aeabi_memset.o
        10          0          0          0          0         68   defsig_exit.o
        50          0          0          0          0         88   defsig_general.o
        80         58          0          0          0         76   defsig_rtmem_inner.o
        14          0          0          0          0         80   defsig_rtmem_outer.o
        18          0          0          0          0         80   exit.o
        94          0          0          0          0         80   h1_alloc.o
        52          0          0          0          0         68   h1_extend.o
        78          0          0          0          0         80   h1_free.o
        14          0          0          0          0         84   h1_init.o
         6          0          0          0          0        152   heapauxi.o
         4          0          0          0          0        136   hguard.o
         0          0          0          0          0          0   indicate_semi.o
       138          0          0          0          0        168   init_alloc.o
         2          0          0          0          0          0   libinit.o
        14          0          0          0          0          0   libinit2.o
         2          0          0          0          0          0   libshutdown.o
         2          0          0          0          0          0   libshutdown2.o
         8          4          0          0         96         68   libspace.o
       238          0          0          0          0        100   lludivv7m.o
         0          0          0          0          0          0   maybetermalloc1.o
         8          4          0          0          0         68   rt_errno_addr_intlibspace.o
         8          4          0          0          0         68   rt_heap_descriptor_intlibspace.o
        68          0          0          0          0         68   rt_memclr.o
        78          0          0          0          0         80   rt_memclr_w.o
       138          0          0          0          0         68   rt_memcpy_v6.o
       100          0          0          0          0         80   rt_memcpy_w.o
         2          0          0          0          0          0   rtexit.o
        10          0          0          0          0          0   rtexit2.o
        12          4          0          0          0         68   sys_exit.o
        74          0          0          0          0         80   sys_stackheap_outer.o
        14          0          0          0          0         76   sys_wrch.o
         2          0          0          0          0         68   use_no_semi.o
        98          4          0          0          0        140   d2f.o
       804         16          0          0          0        368   daddsub_clz.o
        24          0          0          0          0        116   dcmpi.o
       120          4          0          0          0        140   dleqf.o
       340         12          0          0          0        152   dmul.o
       156          4          0          0          0        140   dnaninf.o
        12          0          0          0          0        116   dretinf.o
       108          0          0          0          0        128   drleqf.o
        86          4          0          0          0        132   f2d.o
       140          4          0          0          0        132   fnaninf.o
        10          0          0          0          0        116   fpinit.o
       244          8          0          0          0        132   frem_clz.o
        10          0          0          0          0        116   fretinf.o
         0          0          0          0          0          0   usenofp.o
       684         90          0          0          0        208   atan2f.o
        20          0          0          0          0        124   fabs.o
       176          0          0          0          0        168   fmodf.o
        38          0          0          0          0        116   fpclassifyf.o
        38         12          0          0          0        348   funder.o

    ----------------------------------------------------------------------
      5126        284       2076          0        100      23132   Library Totals
        14          0          0          0          4          0   (incl. Padding)

    ----------------------------------------------------------------------

      Code (inc. data)   RO Data    RW Data    ZI Data      Debug   Library Name

       432         44       2076          0          0      17952   arm_cortexM4lf_math.lib
      1572         82          0          0         96       2288   c_w.l
      2152         56          0          0          0       1928   fz_wm.l
       956        102          0          0          0        964   m_wm.l

    ----------------------------------------------------------------------
      5126        284       2076          0        100      23132   Library Totals

    ----------------------------------------------------------------------

==============================================================================


      Code (inc. data)   RO Data    RW Data    ZI Data      Debug   

     44202       3184       3270       1020      26212     611102   Grand Totals
     44202       3184       3270        188      26212     611102   ELF Image Totals (compressed)
     44202       3184       3270        188          0          0   ROM Totals

==============================================================================

    Total RO  Size (Code + RO Data)                47472 (  46.36kB)
    Total RW  Size (RW Data + ZI Data)             27232 (  26.59kB)
    Total ROM Size (Code + RO Data + RW Data)      47660 (  46.54kB)

==============================================================================

